Archive member included to satisfy reference by file (symbol)

/home/ju/RISC-V-Embedded-GCC/bin/../lib/gcc/riscv-none-embed/8.2.0/rv32imac/ilp32/libgcc.a(_udivdi3.o)
                              ./build/CH56x_debug_log.o (__udivdi3)
/home/ju/RISC-V-Embedded-GCC/bin/../lib/gcc/riscv-none-embed/8.2.0/rv32imac/ilp32/libgcc.a(_clz.o)
                              /home/ju/RISC-V-Embedded-GCC/bin/../lib/gcc/riscv-none-embed/8.2.0/rv32imac/ilp32/libgcc.a(_udivdi3.o) (__clz_tab)
/home/ju/RISC-V-Embedded-GCC/bin/../lib/gcc/riscv-none-embed/8.2.0/../../../../riscv-none-embed/lib/rv32imac/ilp32/libc_nano.a(lib_a-fwrite.o)
                              ./build/CH56x_debug_log.o (fwrite)
/home/ju/RISC-V-Embedded-GCC/bin/../lib/gcc/riscv-none-embed/8.2.0/../../../../riscv-none-embed/lib/rv32imac/ilp32/libc_nano.a(lib_a-impure.o)
                              ./build/CH56x_debug_log.o (_impure_ptr)
/home/ju/RISC-V-Embedded-GCC/bin/../lib/gcc/riscv-none-embed/8.2.0/../../../../riscv-none-embed/lib/rv32imac/ilp32/libc_nano.a(lib_a-memcpy.o)
                              ./build/CH56x_debug_log.o (memcpy)
/home/ju/RISC-V-Embedded-GCC/bin/../lib/gcc/riscv-none-embed/8.2.0/../../../../riscv-none-embed/lib/rv32imac/ilp32/libc_nano.a(lib_a-memset.o)
                              ./build/bbio.o (memset)
/home/ju/RISC-V-Embedded-GCC/bin/../lib/gcc/riscv-none-embed/8.2.0/../../../../riscv-none-embed/lib/rv32imac/ilp32/libc_nano.a(lib_a-sprintf.o)
                              ./build/CH56x_debug_log.o (sprintf)
/home/ju/RISC-V-Embedded-GCC/bin/../lib/gcc/riscv-none-embed/8.2.0/../../../../riscv-none-embed/lib/rv32imac/ilp32/libc_nano.a(lib_a-strnlen.o)
                              ./build/main.o (strnlen)
/home/ju/RISC-V-Embedded-GCC/bin/../lib/gcc/riscv-none-embed/8.2.0/../../../../riscv-none-embed/lib/rv32imac/ilp32/libc_nano.a(lib_a-vsnprintf.o)
                              ./build/CH56x_debug_log.o (vsnprintf)
/home/ju/RISC-V-Embedded-GCC/bin/../lib/gcc/riscv-none-embed/8.2.0/../../../../riscv-none-embed/lib/rv32imac/ilp32/libc_nano.a(lib_a-wbuf.o)
                              /home/ju/RISC-V-Embedded-GCC/bin/../lib/gcc/riscv-none-embed/8.2.0/../../../../riscv-none-embed/lib/rv32imac/ilp32/libc_nano.a(lib_a-fwrite.o) (__swbuf_r)
/home/ju/RISC-V-Embedded-GCC/bin/../lib/gcc/riscv-none-embed/8.2.0/../../../../riscv-none-embed/lib/rv32imac/ilp32/libc_nano.a(lib_a-wsetup.o)
                              /home/ju/RISC-V-Embedded-GCC/bin/../lib/gcc/riscv-none-embed/8.2.0/../../../../riscv-none-embed/lib/rv32imac/ilp32/libc_nano.a(lib_a-fwrite.o) (__swsetup_r)
/home/ju/RISC-V-Embedded-GCC/bin/../lib/gcc/riscv-none-embed/8.2.0/../../../../riscv-none-embed/lib/rv32imac/ilp32/libc_nano.a(lib_a-fflush.o)
                              /home/ju/RISC-V-Embedded-GCC/bin/../lib/gcc/riscv-none-embed/8.2.0/../../../../riscv-none-embed/lib/rv32imac/ilp32/libc_nano.a(lib_a-wbuf.o) (_fflush_r)
/home/ju/RISC-V-Embedded-GCC/bin/../lib/gcc/riscv-none-embed/8.2.0/../../../../riscv-none-embed/lib/rv32imac/ilp32/libc_nano.a(lib_a-findfp.o)
                              /home/ju/RISC-V-Embedded-GCC/bin/../lib/gcc/riscv-none-embed/8.2.0/../../../../riscv-none-embed/lib/rv32imac/ilp32/libc_nano.a(lib_a-fwrite.o) (__sinit)
/home/ju/RISC-V-Embedded-GCC/bin/../lib/gcc/riscv-none-embed/8.2.0/../../../../riscv-none-embed/lib/rv32imac/ilp32/libc_nano.a(lib_a-fwalk.o)
                              /home/ju/RISC-V-Embedded-GCC/bin/../lib/gcc/riscv-none-embed/8.2.0/../../../../riscv-none-embed/lib/rv32imac/ilp32/libc_nano.a(lib_a-findfp.o) (_fwalk)
/home/ju/RISC-V-Embedded-GCC/bin/../lib/gcc/riscv-none-embed/8.2.0/../../../../riscv-none-embed/lib/rv32imac/ilp32/libc_nano.a(lib_a-makebuf.o)
                              /home/ju/RISC-V-Embedded-GCC/bin/../lib/gcc/riscv-none-embed/8.2.0/../../../../riscv-none-embed/lib/rv32imac/ilp32/libc_nano.a(lib_a-wsetup.o) (__smakebuf_r)
/home/ju/RISC-V-Embedded-GCC/bin/../lib/gcc/riscv-none-embed/8.2.0/../../../../riscv-none-embed/lib/rv32imac/ilp32/libc_nano.a(lib_a-nano-freer.o)
                              /home/ju/RISC-V-Embedded-GCC/bin/../lib/gcc/riscv-none-embed/8.2.0/../../../../riscv-none-embed/lib/rv32imac/ilp32/libc_nano.a(lib_a-wsetup.o) (_free_r)
/home/ju/RISC-V-Embedded-GCC/bin/../lib/gcc/riscv-none-embed/8.2.0/../../../../riscv-none-embed/lib/rv32imac/ilp32/libc_nano.a(lib_a-nano-mallocr.o)
                              /home/ju/RISC-V-Embedded-GCC/bin/../lib/gcc/riscv-none-embed/8.2.0/../../../../riscv-none-embed/lib/rv32imac/ilp32/libc_nano.a(lib_a-findfp.o) (_malloc_r)
/home/ju/RISC-V-Embedded-GCC/bin/../lib/gcc/riscv-none-embed/8.2.0/../../../../riscv-none-embed/lib/rv32imac/ilp32/libc_nano.a(lib_a-nano-svfprintf.o)
                              /home/ju/RISC-V-Embedded-GCC/bin/../lib/gcc/riscv-none-embed/8.2.0/../../../../riscv-none-embed/lib/rv32imac/ilp32/libc_nano.a(lib_a-sprintf.o) (_svfprintf_r)
[...]
Memory Configuration

Name             Origin             Length             Attributes
FLASH            0x0000000000000000 0x0000000000070000 xr
RAM              0x0000000020000000 0x0000000000004000 xrw
RAMX             0x0000000020020000 0x0000000000018000 xrw
*default*        0x0000000000000000 0xffffffffffffffff

Linker script and memory map

LOAD ./build/core_riscv.o
LOAD ./build/CH56x_bsp.o
LOAD ./build/CH56x_bus8.o
LOAD ./build/CH56x_clk.o
LOAD ./build/CH56x_debug_log.o
LOAD ./build/CH56x_dvp.o
LOAD ./build/CH56x_ecdc.o
LOAD ./build/CH56x_emmc.o
LOAD ./build/CH56x_flash.o
LOAD ./build/CH56x_gpio.o
LOAD ./build/CH56x_hspi.o
LOAD ./build/CH56x_pwm.o
LOAD ./build/CH56x_pwr.o
LOAD ./build/CH56x_serdes.o
LOAD ./build/CH56x_spi.o
LOAD ./build/CH56x_sys.o
LOAD ./build/CH56x_timer.o
LOAD ./build/CH56x_uart.o
LOAD ./build/hydrausb3_v1.o
LOAD ./build/bbio.o
LOAD ./build/hspi.o
LOAD ./build/log.o
LOAD ./build/main.o
LOAD ./build/rot13-example.o
LOAD ./build/serdes.o
LOAD ./build/usb20.o
LOAD ./build/usb20-endpoints.o
LOAD ./build/startup_CH56x.o
LOAD /home/ju/RISC-V-Embedded-GCC/bin/../lib/gcc/riscv-none-embed/8.2.0/rv32imac/ilp32/libgcc.a
LOAD /home/ju/RISC-V-Embedded-GCC/bin/../lib/gcc/riscv-none-embed/8.2.0/../../../../riscv-none-embed/lib/rv32imac/ilp32/libc_nano.a
LOAD /home/ju/RISC-V-Embedded-GCC/bin/../lib/gcc/riscv-none-embed/8.2.0/rv32imac/ilp32/libgcc.a
START GROUP
LOAD /home/ju/RISC-V-Embedded-GCC/bin/../lib/gcc/riscv-none-embed/8.2.0/rv32imac/ilp32/libgcc.a
LOAD /home/ju/RISC-V-Embedded-GCC/bin/../lib/gcc/riscv-none-embed/8.2.0/../../../../riscv-none-embed/lib/rv32imac/ilp32/libc_nano.a
LOAD /home/ju/RISC-V-Embedded-GCC/bin/../lib/gcc/riscv-none-embed/8.2.0/../../../../riscv-none-embed/lib/rv32imac/ilp32/libnosys.a
END GROUP
START GROUP
LOAD /home/ju/RISC-V-Embedded-GCC/bin/../lib/gcc/riscv-none-embed/8.2.0/rv32imac/ilp32/libgcc.a
LOAD /home/ju/RISC-V-Embedded-GCC/bin/../lib/gcc/riscv-none-embed/8.2.0/../../../../riscv-none-embed/lib/rv32imac/ilp32/libc_nano.a
LOAD /home/ju/RISC-V-Embedded-GCC/bin/../lib/gcc/riscv-none-embed/8.2.0/../../../../riscv-none-embed/lib/rv32imac/ilp32/libnosys.a
END GROUP
                0x0000000000000800                __stack_size = 0x800
                [!provide]                        PROVIDE (_stack_size = __stack_size)

.init           0x0000000000000000        0x4
                0x0000000000000000                _sinit = .
                0x0000000000000000                . = ALIGN (0x4)
 *(SORT_NONE(.init))
 .init          0x0000000000000000        0x4 ./build/startup_CH56x.o
                0x0000000000000000                _start
                0x0000000000000004                . = ALIGN (0x4)
                0x0000000000000004                _einit = .

.vector         0x0000000000000004       0xbc
 *(.vector)
 .vector        0x0000000000000004       0x94 ./build/startup_CH56x.o
                0x00000000000000c0                . = ALIGN (0x40)
 *fill*         0x0000000000000098       0x28 

.text           0x00000000000000c0     0x4ab0
                0x00000000000000c0                . = ALIGN (0x4)
 *(.text)
 .text          0x00000000000000c0       0xa8 /home/ju/RISC-V-Embedded-GCC/bin/../lib/gcc/riscv-none-embed/8.2.0/../../../../riscv-none-embed/lib/rv32imac/ilp32/libc_nano.a(lib_a-memset.o)
                0x00000000000000c0                memset
 *(.text.*)
 .text.__get_MSTATUS
                0x0000000000000168        0x6 ./build/core_riscv.o
                0x0000000000000168                __get_MSTATUS
 .text.__get_MIE
                0x000000000000016e        0x6 ./build/core_riscv.o
                0x000000000000016e                __get_MIE
 .text.__get_MCAUSE
                0x0000000000000174        0x6 ./build/core_riscv.o
                0x0000000000000174                __get_MCAUSE
 .text.__get_SP
                0x000000000000017a        0x4 ./build/core_riscv.o
                0x000000000000017a                __get_SP
 .text.bsp_init
                0x000000000000017e       0x52 ./build/CH56x_bsp.o
                0x000000000000017e                bsp_init
 .text.bsp_wait_us_delay
                0x00000000000001d0       0x6e ./build/CH56x_bsp.o
                0x00000000000001d0                bsp_wait_us_delay
 .text.bsp_wait_ms_delay
                0x000000000000023e       0x6e ./build/CH56x_bsp.o
                0x000000000000023e                bsp_wait_ms_delay
 .text.bsp_sync2boards
                0x00000000000002ac      0x17c ./build/CH56x_bsp.o
                0x00000000000002ac                bsp_sync2boards
 .text.SystemInit
                0x0000000000000428      0x194 ./build/CH56x_clk.o
                0x0000000000000428                SystemInit
 .text.GetSysClock
                0x00000000000005bc       0x4e ./build/CH56x_clk.o
                0x00000000000005bc                GetSysClock
 .text.cprintf  0x000000000000060a       0xa6 ./build/CH56x_debug_log.o
                0x000000000000060a                cprintf
 .text.GPIOA_ModeCfg
                0x00000000000006b0      0x11c ./build/CH56x_gpio.o
                0x00000000000006b0                GPIOA_ModeCfg
 .text.GPIOB_ModeCfg
                0x00000000000007cc      0x11c ./build/CH56x_gpio.o
                0x00000000000007cc                GPIOB_ModeCfg
 .text.HSPI_DoubleDMA_Init
                0x00000000000008e8      0x1aa ./build/CH56x_hspi.o
                0x00000000000008e8                HSPI_DoubleDMA_Init
 .text.HSPI_DMA_Tx
                0x0000000000000a92       0x18 ./build/CH56x_hspi.o
                0x0000000000000a92                HSPI_DMA_Tx
 .text.SerDes_Tx_Init
                0x0000000000000aaa       0x84 ./build/CH56x_serdes.o
                0x0000000000000aaa                SerDes_Tx_Init
 .text.SerDes_Rx_Init
                0x0000000000000b2e       0x68 ./build/CH56x_serdes.o
                0x0000000000000b2e                SerDes_Rx_Init
 .text.SerDes_DMA_Tx_CFG
                0x0000000000000b96       0x16 ./build/CH56x_serdes.o
                0x0000000000000b96                SerDes_DMA_Tx_CFG
 .text.SerDes_DMA_Tx
                0x0000000000000bac       0x1a ./build/CH56x_serdes.o
                0x0000000000000bac                SerDes_DMA_Tx
 .text.SerDes_Wait_Txdone
                0x0000000000000bc6       0x28 ./build/CH56x_serdes.o
                0x0000000000000bc6                SerDes_Wait_Txdone
 .text.SerDes_DMA_Rx_CFG
                0x0000000000000bee        0xc ./build/CH56x_serdes.o
                0x0000000000000bee                SerDes_DMA_Rx_CFG
 .text._write   0x0000000000000bfa       0x28 ./build/CH56x_sys.o
                0x0000000000000bfa                _write
 .text.UART1_init
                0x0000000000000c22       0x54 ./build/CH56x_uart.o
                0x0000000000000c22                UART1_init
 .text.bsp_gpio_init
                0x0000000000000c76       0x54 ./build/hydrausb3_v1.o
                0x0000000000000c76                bsp_gpio_init
 .text.bsp_switch
                0x0000000000000cca       0x10 ./build/hydrausb3_v1.o
                0x0000000000000cca                bsp_switch
 .text.bsp_uled_on
                0x0000000000000cda       0x10 ./build/hydrausb3_v1.o
                0x0000000000000cda                bsp_uled_on
 .text.bsp_uled_off
                0x0000000000000cea       0x10 ./build/hydrausb3_v1.o
                0x0000000000000cea                bsp_uled_off
 .text.bbio_command_decode
                0x0000000000000cfa       0xba ./build/bbio.o
                0x0000000000000cfa                bbio_command_decode
 .text.bbio_command_set_descriptor_handle
                0x0000000000000db4       0xd2 ./build/bbio.o
                0x0000000000000db4                bbio_command_set_descriptor_handle
 .text.bbio_command_set_endpoints_handle
                0x0000000000000e86       0xb4 ./build/bbio.o
                0x0000000000000e86                bbio_command_set_endpoints_handle
 .text.bbio_command_handle
                0x0000000000000f3a      0x120 ./build/bbio.o
                0x0000000000000f3a                bbio_command_handle
 .text.hspi_get_rtx_status
                0x000000000000105a        0xc ./build/hspi.o
                0x000000000000105a                hspi_get_rtx_status
 .text.hspi_get_buffer_next_tx
                0x0000000000001066       0x20 ./build/hspi.o
                0x0000000000001066                hspi_get_buffer_next_tx
 .text.hspi_get_buffer_rx
                0x0000000000001086       0x20 ./build/hspi.o
                0x0000000000001086                hspi_get_buffer_rx
 .text.log_to_evaluator
                0x00000000000010a6       0x42 ./build/log.o
                0x00000000000010a6                log_to_evaluator
 .text.startup.main
                0x00000000000010e8      0x16a ./build/main.o
                0x00000000000010e8                main
 .text.SERDES_IRQHandler
                0x0000000000001252      0x160 ./build/main.o
                0x0000000000001252                SERDES_IRQHandler
 .text.HSPI_IRQHandler
                0x00000000000013b2      0x14e ./build/main.o
                0x00000000000013b2                HSPI_IRQHandler
 .text.USBHS_IRQHandler
                0x0000000000001500      0x32a ./build/main.o
                0x0000000000001500                USBHS_IRQHandler
 .text.HardFault_Handler
                0x000000000000182a       0x64 ./build/main.o
                0x000000000000182a                HardFault_Handler
 .text.serdes_vlog
                0x000000000000188e       0x50 ./build/serdes.o
                0x000000000000188e                serdes_vlog
 .text.usb20_registers_init
                0x00000000000018de       0x58 ./build/usb20.o
                0x00000000000018de                usb20_registers_init
 .text.usb20_registers_deinit
                0x0000000000001936        0xc ./build/usb20.o
                0x0000000000001936                usb20_registers_deinit
 .text.usb20_endpoints_init
                0x0000000000001942      0x34a ./build/usb20.o
                0x0000000000001942                usb20_endpoints_init
 .text.usb20_endpoint_ack
                0x0000000000001c8c       0xca ./build/usb20.o
                0x0000000000001c8c                usb20_endpoint_ack
 .text.usb20_endpoint_nak
                0x0000000000001d56       0xe6 ./build/usb20.o
                0x0000000000001d56                usb20_endpoint_nak
 .text.usb20_endpoint_halt
                0x0000000000001e3c      0x11e ./build/usb20.o
                0x0000000000001e3c                usb20_endpoint_halt
 .text.usb20_fill_buffer_with_descriptor
                0x0000000000001f5a       0x96 ./build/usb20.o
                0x0000000000001f5a                usb20_fill_buffer_with_descriptor
 .text.usb20_ep0_transceive_and_update
                0x0000000000001ff0      0x104 ./build/usb20.o
                0x0000000000001ff0                usb20_ep0_transceive_and_update
 .text.usb20_vlog
                0x00000000000020f4       0xa6 ./build/usb20.o
                0x00000000000020f4                usb20_vlog
 .text.ep1_transceive_and_update_host
                0x000000000000219a       0x8c ./build/usb20-endpoints.o
                0x000000000000219a                ep1_transceive_and_update_host
 .text.epX_handler_toe
                0x0000000000002226      0x216 ./build/usb20-endpoints.o
                0x0000000000002226                epX_handler_toe
 .text.ep6_transmit_and_update
                0x000000000000243c       0xc2 ./build/usb20-endpoints.o
                0x000000000000243c                ep6_transmit_and_update
 .text.ep7_transmit_and_update
                0x00000000000024fe       0xc2 ./build/usb20-endpoints.o
                0x00000000000024fe                ep7_transmit_and_update
 .text.vector_handler
                0x00000000000025c0       0x32 ./build/startup_CH56x.o
                0x00000000000025c0                NMI_Handler
                0x00000000000025c4                SysTick_Handler
                0x00000000000025c6                SW_Handler
                0x00000000000025c8                WDOG_IRQHandler
                0x00000000000025ca                TMR0_IRQHandler
                0x00000000000025cc                GPIO_IRQHandler
                0x00000000000025ce                SPI0_IRQHandler
                0x00000000000025d0                USBSS_IRQHandler
                0x00000000000025d2                LINK_IRQHandler
                0x00000000000025d4                TMR1_IRQHandler
                0x00000000000025d6                TMR2_IRQHandler
                0x00000000000025d8                UART0_IRQHandler
                0x00000000000025dc                EMMC_IRQHandler
                0x00000000000025de                DVP_IRQHandler
                0x00000000000025e2                SPI1_IRQHandler
                0x00000000000025e4                UART1_IRQHandler
                0x00000000000025e6                UART2_IRQHandler
                0x00000000000025e8                UART3_IRQHandler
                0x00000000000025ec                ETH_IRQHandler
                0x00000000000025ee                PMT_IRQHandler
                0x00000000000025f0                ECDC_IRQHandler
 .text.handle_reset
                0x00000000000025f2       0x92 ./build/startup_CH56x.o
                0x00000000000025f2                handle_reset
 .text._fwrite_r
                0x0000000000002684       0xc8 /home/ju/RISC-V-Embedded-GCC/bin/../lib/gcc/riscv-none-embed/8.2.0/../../../../riscv-none-embed/lib/rv32imac/ilp32/libc_nano.a(lib_a-fwrite.o)
                0x0000000000002684                _fwrite_r
 .text.fwrite   0x000000000000274c       0x10 /home/ju/RISC-V-Embedded-GCC/bin/../lib/gcc/riscv-none-embed/8.2.0/../../../../riscv-none-embed/lib/rv32imac/ilp32/libc_nano.a(lib_a-fwrite.o)
                0x000000000000274c                fwrite
 .text.memcpy   0x000000000000275c       0xb6 /home/ju/RISC-V-Embedded-GCC/bin/../lib/gcc/riscv-none-embed/8.2.0/../../../../riscv-none-embed/lib/rv32imac/ilp32/libc_nano.a(lib_a-memcpy.o)
                0x000000000000275c                memcpy
 .text.strnlen  0x0000000000002812       0x18 /home/ju/RISC-V-Embedded-GCC/bin/../lib/gcc/riscv-none-embed/8.2.0/../../../../riscv-none-embed/lib/rv32imac/ilp32/libc_nano.a(lib_a-strnlen.o)
                0x0000000000002812                strnlen
 .text._vsnprintf_r
                0x000000000000282a       0x60 /home/ju/RISC-V-Embedded-GCC/bin/../lib/gcc/riscv-none-embed/8.2.0/../../../../riscv-none-embed/lib/rv32imac/ilp32/libc_nano.a(lib_a-vsnprintf.o)
                0x000000000000282a                _vsnprintf_r
                0x000000000000282a                _vsniprintf_r
 .text.vsnprintf
                0x000000000000288a       0x10 /home/ju/RISC-V-Embedded-GCC/bin/../lib/gcc/riscv-none-embed/8.2.0/../../../../riscv-none-embed/lib/rv32imac/ilp32/libc_nano.a(lib_a-vsnprintf.o)
                0x000000000000288a                vsnprintf
                0x000000000000288a                vsniprintf
 .text.__swbuf_r
                0x000000000000289a       0xc0 /home/ju/RISC-V-Embedded-GCC/bin/../lib/gcc/riscv-none-embed/8.2.0/../../../../riscv-none-embed/lib/rv32imac/ilp32/libc_nano.a(lib_a-wbuf.o)
                0x000000000000289a                __swbuf_r
 .text.__swsetup_r
                0x000000000000295a      0x10c /home/ju/RISC-V-Embedded-GCC/bin/../lib/gcc/riscv-none-embed/8.2.0/../../../../riscv-none-embed/lib/rv32imac/ilp32/libc_nano.a(lib_a-wsetup.o)
                0x000000000000295a                __swsetup_r
 .text.__sflush_r
                0x0000000000002a66      0x13c /home/ju/RISC-V-Embedded-GCC/bin/../lib/gcc/riscv-none-embed/8.2.0/../../../../riscv-none-embed/lib/rv32imac/ilp32/libc_nano.a(lib_a-fflush.o)
                0x0000000000002a66                __sflush_r
 .text._fflush_r
                0x0000000000002ba2       0x64 /home/ju/RISC-V-Embedded-GCC/bin/../lib/gcc/riscv-none-embed/8.2.0/../../../../riscv-none-embed/lib/rv32imac/ilp32/libc_nano.a(lib_a-fflush.o)
                0x0000000000002ba2                _fflush_r
 .text.std      0x0000000000002c06       0x6a /home/ju/RISC-V-Embedded-GCC/bin/../lib/gcc/riscv-none-embed/8.2.0/../../../../riscv-none-embed/lib/rv32imac/ilp32/libc_nano.a(lib_a-findfp.o)
 .text._cleanup_r
                0x0000000000002c70        0xa /home/ju/RISC-V-Embedded-GCC/bin/../lib/gcc/riscv-none-embed/8.2.0/../../../../riscv-none-embed/lib/rv32imac/ilp32/libc_nano.a(lib_a-findfp.o)
                0x0000000000002c70                _cleanup_r
 .text.__sfmoreglue
                0x0000000000002c7a       0x46 /home/ju/RISC-V-Embedded-GCC/bin/../lib/gcc/riscv-none-embed/8.2.0/../../../../riscv-none-embed/lib/rv32imac/ilp32/libc_nano.a(lib_a-findfp.o)
                0x0000000000002c7a                __sfmoreglue
 .text.__sinit  0x0000000000002cc0       0x66 /home/ju/RISC-V-Embedded-GCC/bin/../lib/gcc/riscv-none-embed/8.2.0/../../../../riscv-none-embed/lib/rv32imac/ilp32/libc_nano.a(lib_a-findfp.o)
                0x0000000000002cc0                __sinit
 .text.__sfp    0x0000000000002d26       0x9c /home/ju/RISC-V-Embedded-GCC/bin/../lib/gcc/riscv-none-embed/8.2.0/../../../../riscv-none-embed/lib/rv32imac/ilp32/libc_nano.a(lib_a-findfp.o)
                0x0000000000002d26                __sfp
 .text._fwalk_reent
                0x0000000000002dc2       0x6c /home/ju/RISC-V-Embedded-GCC/bin/../lib/gcc/riscv-none-embed/8.2.0/../../../../riscv-none-embed/lib/rv32imac/ilp32/libc_nano.a(lib_a-fwalk.o)
                0x0000000000002dc2                _fwalk_reent
 .text.__swhatbuf_r
                0x0000000000002e2e       0x5a /home/ju/RISC-V-Embedded-GCC/bin/../lib/gcc/riscv-none-embed/8.2.0/../../../../riscv-none-embed/lib/rv32imac/ilp32/libc_nano.a(lib_a-makebuf.o)
                0x0000000000002e2e                __swhatbuf_r
 .text.__smakebuf_r
                0x0000000000002e88       0x9e /home/ju/RISC-V-Embedded-GCC/bin/../lib/gcc/riscv-none-embed/8.2.0/../../../../riscv-none-embed/lib/rv32imac/ilp32/libc_nano.a(lib_a-makebuf.o)
                0x0000000000002e88                __smakebuf_r
 .text._free_r  0x0000000000002f26       0xa8 /home/ju/RISC-V-Embedded-GCC/bin/../lib/gcc/riscv-none-embed/8.2.0/../../../../riscv-none-embed/lib/rv32imac/ilp32/libc_nano.a(lib_a-nano-freer.o)
                0x0000000000002f26                _free_r
 .text._malloc_r
                0x0000000000002fce       0xd8 /home/ju/RISC-V-Embedded-GCC/bin/../lib/gcc/riscv-none-embed/8.2.0/../../../../riscv-none-embed/lib/rv32imac/ilp32/libc_nano.a(lib_a-nano-mallocr.o)
                0x0000000000002fce                _malloc_r
 .text.__ssputs_r
                0x00000000000030a6       0xea /home/ju/RISC-V-Embedded-GCC/bin/../lib/gcc/riscv-none-embed/8.2.0/../../../../riscv-none-embed/lib/rv32imac/ilp32/libc_nano.a(lib_a-nano-svfprintf.o)
                0x00000000000030a6                __ssputs_r
 .text._svfprintf_r
                0x0000000000003190      0x276 /home/ju/RISC-V-Embedded-GCC/bin/../lib/gcc/riscv-none-embed/8.2.0/../../../../riscv-none-embed/lib/rv32imac/ilp32/libc_nano.a(lib_a-nano-svfprintf.o)
                0x0000000000003190                _svfprintf_r
                0x0000000000003190                _svfiprintf_r
 .text._printf_common
                0x0000000000003406      0x10c /home/ju/RISC-V-Embedded-GCC/bin/../lib/gcc/riscv-none-embed/8.2.0/../../../../riscv-none-embed/lib/rv32imac/ilp32/libc_nano.a(lib_a-nano-vfprintf_i.o)
                0x0000000000003406                _printf_common
 .text._printf_i
                0x0000000000003512      0x2a8 /home/ju/RISC-V-Embedded-GCC/bin/../lib/gcc/riscv-none-embed/8.2.0/../../../../riscv-none-embed/lib/rv32imac/ilp32/libc_nano.a(lib_a-nano-vfprintf_i.o)
                0x0000000000003512                _printf_i
 .text._sbrk_r  0x00000000000037ba       0x30 /home/ju/RISC-V-Embedded-GCC/bin/../lib/gcc/riscv-none-embed/8.2.0/../../../../riscv-none-embed/lib/rv32imac/ilp32/libc_nano.a(lib_a-sbrkr.o)
                0x00000000000037ba                _sbrk_r
 .text.__sread  0x00000000000037ea       0x30 /home/ju/RISC-V-Embedded-GCC/bin/../lib/gcc/riscv-none-embed/8.2.0/../../../../riscv-none-embed/lib/rv32imac/ilp32/libc_nano.a(lib_a-stdio.o)
                0x00000000000037ea                __sread
 .text.__swrite
                0x000000000000381a       0x4e /home/ju/RISC-V-Embedded-GCC/bin/../lib/gcc/riscv-none-embed/8.2.0/../../../../riscv-none-embed/lib/rv32imac/ilp32/libc_nano.a(lib_a-stdio.o)
                0x000000000000381a                __swrite
 .text.__sseek  0x0000000000003868       0x36 /home/ju/RISC-V-Embedded-GCC/bin/../lib/gcc/riscv-none-embed/8.2.0/../../../../riscv-none-embed/lib/rv32imac/ilp32/libc_nano.a(lib_a-stdio.o)
                0x0000000000003868                __sseek
 .text.__sclose
                0x000000000000389e        0x6 /home/ju/RISC-V-Embedded-GCC/bin/../lib/gcc/riscv-none-embed/8.2.0/../../../../riscv-none-embed/lib/rv32imac/ilp32/libc_nano.a(lib_a-stdio.o)
                0x000000000000389e                __sclose
 .text._write_r
                0x00000000000038a4       0x36 /home/ju/RISC-V-Embedded-GCC/bin/../lib/gcc/riscv-none-embed/8.2.0/../../../../riscv-none-embed/lib/rv32imac/ilp32/libc_nano.a(lib_a-writer.o)
                0x00000000000038a4                _write_r
 .text._close_r
                0x00000000000038da       0x30 /home/ju/RISC-V-Embedded-GCC/bin/../lib/gcc/riscv-none-embed/8.2.0/../../../../riscv-none-embed/lib/rv32imac/ilp32/libc_nano.a(lib_a-closer.o)
                0x00000000000038da                _close_r
 .text._fstat_r
                0x000000000000390a       0x32 /home/ju/RISC-V-Embedded-GCC/bin/../lib/gcc/riscv-none-embed/8.2.0/../../../../riscv-none-embed/lib/rv32imac/ilp32/libc_nano.a(lib_a-fstatr.o)
                0x000000000000390a                _fstat_r
 .text._isatty_r
                0x000000000000393c       0x30 /home/ju/RISC-V-Embedded-GCC/bin/../lib/gcc/riscv-none-embed/8.2.0/../../../../riscv-none-embed/lib/rv32imac/ilp32/libc_nano.a(lib_a-isattyr.o)
                0x000000000000393c                _isatty_r
 .text._lseek_r
                0x000000000000396c       0x34 /home/ju/RISC-V-Embedded-GCC/bin/../lib/gcc/riscv-none-embed/8.2.0/../../../../riscv-none-embed/lib/rv32imac/ilp32/libc_nano.a(lib_a-lseekr.o)
                0x000000000000396c                _lseek_r
 .text.memchr   0x00000000000039a0       0x1a /home/ju/RISC-V-Embedded-GCC/bin/../lib/gcc/riscv-none-embed/8.2.0/../../../../riscv-none-embed/lib/rv32imac/ilp32/libc_nano.a(lib_a-memchr.o)
                0x00000000000039a0                memchr
 .text.memmove  0x00000000000039ba       0x4a /home/ju/RISC-V-Embedded-GCC/bin/../lib/gcc/riscv-none-embed/8.2.0/../../../../riscv-none-embed/lib/rv32imac/ilp32/libc_nano.a(lib_a-memmove.o)
                0x00000000000039ba                memmove
 .text.__malloc_lock
                0x0000000000003a04        0x2 /home/ju/RISC-V-Embedded-GCC/bin/../lib/gcc/riscv-none-embed/8.2.0/../../../../riscv-none-embed/lib/rv32imac/ilp32/libc_nano.a(lib_a-mlock.o)
                0x0000000000003a04                __malloc_lock
 .text.__malloc_unlock
                0x0000000000003a06        0x2 /home/ju/RISC-V-Embedded-GCC/bin/../lib/gcc/riscv-none-embed/8.2.0/../../../../riscv-none-embed/lib/rv32imac/ilp32/libc_nano.a(lib_a-mlock.o)
                0x0000000000003a06                __malloc_unlock
 .text._realloc_r
                0x0000000000003a08       0x58 /home/ju/RISC-V-Embedded-GCC/bin/../lib/gcc/riscv-none-embed/8.2.0/../../../../riscv-none-embed/lib/rv32imac/ilp32/libc_nano.a(lib_a-nano-reallocr.o)
                0x0000000000003a08                _realloc_r
 .text._read_r  0x0000000000003a60       0x34 /home/ju/RISC-V-Embedded-GCC/bin/../lib/gcc/riscv-none-embed/8.2.0/../../../../riscv-none-embed/lib/rv32imac/ilp32/libc_nano.a(lib_a-readr.o)
                0x0000000000003a60                _read_r
 .text._malloc_usable_size_r
                0x0000000000003a94       0x14 /home/ju/RISC-V-Embedded-GCC/bin/../lib/gcc/riscv-none-embed/8.2.0/../../../../riscv-none-embed/lib/rv32imac/ilp32/libc_nano.a(lib_a-nano-msizer.o)
                0x0000000000003a94                _malloc_usable_size_r
 .text._close   0x0000000000003aa8       0x10 /home/ju/RISC-V-Embedded-GCC/bin/../lib/gcc/riscv-none-embed/8.2.0/../../../../riscv-none-embed/lib/rv32imac/ilp32/libnosys.a(close.o)
                0x0000000000003aa8                _close
 .text._fstat   0x0000000000003ab8       0x10 /home/ju/RISC-V-Embedded-GCC/bin/../lib/gcc/riscv-none-embed/8.2.0/../../../../riscv-none-embed/lib/rv32imac/ilp32/libnosys.a(fstat.o)
                0x0000000000003ab8                _fstat
 .text._isatty  0x0000000000003ac8       0x10 /home/ju/RISC-V-Embedded-GCC/bin/../lib/gcc/riscv-none-embed/8.2.0/../../../../riscv-none-embed/lib/rv32imac/ilp32/libnosys.a(isatty.o)
                0x0000000000003ac8                _isatty
 .text._lseek   0x0000000000003ad8       0x10 /home/ju/RISC-V-Embedded-GCC/bin/../lib/gcc/riscv-none-embed/8.2.0/../../../../riscv-none-embed/lib/rv32imac/ilp32/libnosys.a(lseek.o)
                0x0000000000003ad8                _lseek
 .text._read    0x0000000000003ae8       0x10 /home/ju/RISC-V-Embedded-GCC/bin/../lib/gcc/riscv-none-embed/8.2.0/../../../../riscv-none-embed/lib/rv32imac/ilp32/libnosys.a(read.o)
                0x0000000000003ae8                _read
 .text._sbrk    0x0000000000003af8       0x24 /home/ju/RISC-V-Embedded-GCC/bin/../lib/gcc/riscv-none-embed/8.2.0/../../../../riscv-none-embed/lib/rv32imac/ilp32/libnosys.a(sbrk.o)
                0x0000000000003af8                _sbrk
 *(.rodata)
 *(.rodata*)
 *fill*         0x0000000000003b1c        0x0 
 .rodata.GPIOA_ModeCfg
                0x0000000000003b1c       0x2c ./build/CH56x_gpio.o
 .rodata.GPIOB_ModeCfg
                0x0000000000003b48       0x2c ./build/CH56x_gpio.o
 .rodata.bbio_command_set_endpoints_handle
                0x0000000000003b74       0x40 ./build/bbio.o
 .rodata.bbio_command_handle
                0x0000000000003bb4       0x24 ./build/bbio.o
 .rodata.bbio_command_decode.str1.4
                0x0000000000003bd8       0xa8 ./build/bbio.o
 .rodata.bbio_command_handle.str1.4
                0x0000000000003c80       0x2f ./build/bbio.o
 *fill*         0x0000000000003caf        0x1 
 .rodata.bbio_command_set_descriptor_handle.str1.4
                0x0000000000003cb0       0xbf ./build/bbio.o
 *fill*         0x0000000000003d6f        0x1 
 .rodata.SERDES_IRQHandler
                0x0000000000003d70       0x84 ./build/main.o
 .rodata.USBHS_IRQHandler
                0x0000000000003df4       0x2c ./build/main.o
 .rodata.HSPI_IRQHandler.str1.4
                0x0000000000003e20       0xcb ./build/main.o
 *fill*         0x0000000000003eeb        0x1 
 .rodata.HardFault_Handler.str1.4
                0x0000000000003eec       0x51 ./build/main.o
 *fill*         0x0000000000003f3d        0x3 
 .rodata.SERDES_IRQHandler.str1.4
                0x0000000000003f40       0x56 ./build/main.o
 *fill*         0x0000000000003f96        0x2 
 .rodata.USBHS_IRQHandler.str1.4
                0x0000000000003f98      0x1c2 ./build/main.o
 *fill*         0x000000000000415a        0x2 
 .rodata.main.str1.4
                0x000000000000415c       0x11 ./build/main.o
 *fill*         0x000000000000416d        0x3 
 .rodata.usb20_endpoint_ack
                0x0000000000004170      0x220 ./build/usb20.o
 .rodata.usb20_endpoint_nak
                0x0000000000004390      0x220 ./build/usb20.o
 .rodata.usb20_endpoint_halt
                0x00000000000045b0      0x220 ./build/usb20.o
 .rodata.usb20_fill_buffer_with_descriptor
                0x00000000000047d0       0x8c ./build/usb20.o
 .rodata.usb20_endpoint_ack.str1.4
                0x000000000000485c       0x29 ./build/usb20.o
 *fill*         0x0000000000004885        0x3 
 .rodata.usb20_endpoint_halt.str1.4
                0x0000000000004888       0x28 ./build/usb20.o
 .rodata.usb20_ep0_transceive_and_update.str1.4
                0x00000000000048b0       0x34 ./build/usb20.o
 .rodata.usb20_fill_buffer_with_descriptor.str1.4
                0x00000000000048e4       0x42 ./build/usb20.o
 *fill*         0x0000000000004926        0x2 
 .rodata.usb20_log.str1.4
                0x0000000000004928       0x62 ./build/usb20.o
 *fill*         0x000000000000498a        0x2 
 .rodata.epX_handler_toe
                0x000000000000498c       0x40 ./build/usb20-endpoints.o
 .rodata.ep1_transceive_and_update_host.str1.4
                0x00000000000049cc       0x2a ./build/usb20-endpoints.o
 *fill*         0x00000000000049f6        0x2 
 .rodata.ep6_transmit_and_update.str1.4
                0x00000000000049f8       0x28 ./build/usb20-endpoints.o
 .rodata.ep7_transmit_and_update.str1.4
                0x0000000000004a20       0x28 ./build/usb20-endpoints.o
 .rodata.epX_handler_toe.str1.4
                0x0000000000004a48       0x8c ./build/usb20-endpoints.o
 .rodata.__sf_fake_stderr
                0x0000000000004ad4       0x20 /home/ju/RISC-V-Embedded-GCC/bin/../lib/gcc/riscv-none-embed/8.2.0/../../../../riscv-none-embed/lib/rv32imac/ilp32/libc_nano.a(lib_a-findfp.o)
                0x0000000000004ad4                __sf_fake_stderr
 .rodata.__sf_fake_stdin
                0x0000000000004af4       0x20 /home/ju/RISC-V-Embedded-GCC/bin/../lib/gcc/riscv-none-embed/8.2.0/../../../../riscv-none-embed/lib/rv32imac/ilp32/libc_nano.a(lib_a-findfp.o)
                0x0000000000004af4                __sf_fake_stdin
 .rodata.__sf_fake_stdout
                0x0000000000004b14       0x20 /home/ju/RISC-V-Embedded-GCC/bin/../lib/gcc/riscv-none-embed/8.2.0/../../../../riscv-none-embed/lib/rv32imac/ilp32/libc_nano.a(lib_a-findfp.o)
                0x0000000000004b14                __sf_fake_stdout
 .rodata._svfprintf_r.str1.4
                0x0000000000004b34       0x13 /home/ju/RISC-V-Embedded-GCC/bin/../lib/gcc/riscv-none-embed/8.2.0/../../../../riscv-none-embed/lib/rv32imac/ilp32/libc_nano.a(lib_a-nano-svfprintf.o)
 *fill*         0x0000000000004b47        0x1 
 .rodata._printf_i.str1.4
                0x0000000000004b48       0x28 /home/ju/RISC-V-Embedded-GCC/bin/../lib/gcc/riscv-none-embed/8.2.0/../../../../riscv-none-embed/lib/rv32imac/ilp32/libc_nano.a(lib_a-nano-vfprintf_i.o)
                                         0x25 (size before relaxing)
 *(.glue_7)
 *(.glue_7t)
 *(.gnu.linkonce.t.*)
                0x0000000000004b70                . = ALIGN (0x4)

.rela.dyn       0x0000000000004b70        0x0
 .rela.text.bbio_command_set_descriptor_handle
                0x0000000000004b70        0x0 ./build/core_riscv.o
 .rela.text.bbio_command_handle
                0x0000000000004b70        0x0 ./build/core_riscv.o
 .rela.text.startup.main
                0x0000000000004b70        0x0 ./build/core_riscv.o
 .rela.text.USBHS_IRQHandler
                0x0000000000004b70        0x0 ./build/core_riscv.o
 .rela.sdata.endp1Buff
                0x0000000000004b70        0x0 ./build/core_riscv.o
 .rela.init     0x0000000000004b70        0x0 ./build/core_riscv.o
 .rela.vector   0x0000000000004b70        0x0 ./build/core_riscv.o
 .rela.text.handle_reset
                0x0000000000004b70        0x0 ./build/core_riscv.o
 .rela.text._svfprintf_r
                0x0000000000004b70        0x0 ./build/core_riscv.o
 .rela.text._sbrk_r
                0x0000000000004b70        0x0 ./build/core_riscv.o
 .rela.text._write_r
                0x0000000000004b70        0x0 ./build/core_riscv.o
 .rela.text._close_r
                0x0000000000004b70        0x0 ./build/core_riscv.o
 .rela.text._fstat_r
                0x0000000000004b70        0x0 ./build/core_riscv.o
 .rela.text._isatty_r
                0x0000000000004b70        0x0 ./build/core_riscv.o
 .rela.text._lseek_r
                0x0000000000004b70        0x0 ./build/core_riscv.o
 .rela.text._read_r
                0x0000000000004b70        0x0 ./build/core_riscv.o
 .rela.text._close
                0x0000000000004b70        0x0 ./build/core_riscv.o
 .rela.text._fstat
                0x0000000000004b70        0x0 ./build/core_riscv.o
 .rela.text._isatty
                0x0000000000004b70        0x0 ./build/core_riscv.o
 .rela.text._lseek
                0x0000000000004b70        0x0 ./build/core_riscv.o
 .rela.text._read
                0x0000000000004b70        0x0 ./build/core_riscv.o
 .rela.text._sbrk
                0x0000000000004b70        0x0 ./build/core_riscv.o

.fini           0x0000000000004b70        0x0
 *(SORT_NONE(.fini))
                0x0000000000004b70                . = ALIGN (0x4)
                [!provide]                        PROVIDE (_etext = .)
                [!provide]                        PROVIDE (_eitcm = .)

.preinit_array  0x0000000000004b70        0x0
                [!provide]                        PROVIDE (__preinit_array_start = .)
 *(.preinit_array)
                [!provide]                        PROVIDE (__preinit_array_end = .)

.init_array     0x0000000000004b70        0x0
                [!provide]                        PROVIDE (__init_array_start = .)
 *(SORT_BY_INIT_PRIORITY(.init_array.*) SORT_BY_INIT_PRIORITY(.ctors.*))
 *(.init_array EXCLUDE_FILE(*crtend?.o *crtend.o *crtbegin?.o *crtbegin.o) .ctors)
                [!provide]                        PROVIDE (__init_array_end = .)

.fini_array     0x0000000000004b70        0x0
                [!provide]                        PROVIDE (__fini_array_start = .)
 *(SORT_BY_INIT_PRIORITY(.fini_array.*) SORT_BY_INIT_PRIORITY(.dtors.*))
 *(.fini_array EXCLUDE_FILE(*crtend?.o *crtend.o *crtbegin?.o *crtbegin.o) .dtors)
                [!provide]                        PROVIDE (__fini_array_end = .)

.ctors
 *crtbegin.o(.ctors)
 *crtbegin?.o(.ctors)
 *(EXCLUDE_FILE(*crtend?.o *crtend.o) .ctors)
 *(SORT_BY_NAME(.ctors.*))
 *(.ctors)

.dtors
 *crtbegin.o(.dtors)
 *crtbegin?.o(.dtors)
 *(EXCLUDE_FILE(*crtend?.o *crtend.o) .dtors)
 *(SORT_BY_NAME(.dtors.*))
 *(.dtors)

.dalign         0x0000000020000000        0x0 load address 0x0000000000004b70
                0x0000000020000000                . = ALIGN (0x4)
                0x0000000020000000                PROVIDE (_data_vma = .)

.dlalign        0x0000000000004b70        0x0
                0x0000000000004b70                . = ALIGN (0x4)
                0x0000000000004b70                PROVIDE (_data_lma = .)

.data           0x0000000020000000      0x150 load address 0x0000000000004b70
 *(.gnu.linkonce.r.*)
 *(.data .data.*)
 .data.boardTopStringDescriptors
                0x0000000020000000       0x1c ./build/main.o
 .data.stBoardTopConfigurationDescriptor
                0x000000002000001c       0x2e ./build/main.o
 *fill*         0x000000002000004a        0x2 
 .data.stBoardTopDeviceDescriptor
                0x000000002000004c       0x12 ./build/main.o
 *fill*         0x000000002000005e        0x2 
 .data.stringDescriptorConfig
                0x0000000020000060        0xe ./build/main.o
 *fill*         0x000000002000006e        0x2 
 .data.stringDescriptorInterface
                0x0000000020000070       0x14 ./build/main.o
 .data.stringDescriptorManufacturer
                0x0000000020000084       0x1a ./build/main.o
 *fill*         0x000000002000009e        0x2 
 .data.stringDescriptorProduct
                0x00000000200000a0       0x10 ./build/main.o
 .data.stringDescriptorSerialNumber
                0x00000000200000b0       0x1c ./build/main.o
 .data.impure_data
                0x00000000200000cc       0x60 /home/ju/RISC-V-Embedded-GCC/bin/../lib/gcc/riscv-none-embed/8.2.0/../../../../riscv-none-embed/lib/rv32imac/ilp32/libc_nano.a(lib_a-impure.o)
 *(.gnu.linkonce.d.*)
                0x0000000020000130                . = ALIGN (0x8)
 *fill*         0x000000002000012c        0x4 
                0x0000000020000930                PROVIDE (__global_pointer$ = (. + 0x800))
 *(.sdata .sdata.*)
 .sdata._descriptorsStoreCursor
                0x0000000020000130        0x4 ./build/bbio.o
 .sdata.endp1Buff
                0x0000000020000134        0x4 ./build/main.o
                0x0000000020000134                endp1Buff
 .sdata.stringLangID
                0x0000000020000138        0x4 ./build/main.o
 .sdata.endp6LoggingBuff
                0x000000002000013c        0x4 ./build/usb20-endpoints.o
                0x000000002000013c                endp6LoggingBuff
 .sdata.endp7LoggingBuff
                0x0000000020000140        0x4 ./build/usb20-endpoints.o
                0x0000000020000140                endp7LoggingBuff
 .sdata._impure_ptr
                0x0000000020000144        0x4 /home/ju/RISC-V-Embedded-GCC/bin/../lib/gcc/riscv-none-embed/8.2.0/../../../../riscv-none-embed/lib/rv32imac/ilp32/libc_nano.a(lib_a-impure.o)
                0x0000000020000144                _impure_ptr
 *(.sdata2.*)
 .sdata2.capacityEndp6LoggingBuff
                0x0000000020000148        0x2 ./build/usb20-endpoints.o
                0x0000000020000148                capacityEndp6LoggingBuff
 .sdata2.capacityEndp7LoggingBuff
                0x000000002000014a        0x2 ./build/usb20-endpoints.o
                0x000000002000014a                capacityEndp7LoggingBuff
 .sdata2._global_impure_ptr
                0x000000002000014c        0x4 /home/ju/RISC-V-Embedded-GCC/bin/../lib/gcc/riscv-none-embed/8.2.0/../../../../riscv-none-embed/lib/rv32imac/ilp32/libc_nano.a(lib_a-impure.o)
                0x000000002000014c                _global_impure_ptr
 *(.gnu.linkonce.s.*)
                0x0000000020000150                . = ALIGN (0x8)
 *(.srodata.cst16)
 *(.srodata.cst8)
 *(.srodata.cst4)
 *(.srodata.cst2)
 *(.srodata .srodata.*)
                0x0000000020000150                . = ALIGN (0x4)
                0x0000000020000150                PROVIDE (_edata = .)

.bss            0x0000000020000150     0x20c4 load address 0x0000000000004cc0
                0x0000000020000150                . = ALIGN (0x4)
                0x0000000020000150                PROVIDE (_sbss = .)
 *(.sbss*)
 .sbss.bsp_ms_nbcycles
                0x0000000020000150        0x8 ./build/CH56x_bsp.o
                0x0000000020000150                bsp_ms_nbcycles
 .sbss.bsp_tick_frequency
                0x0000000020000158        0x4 ./build/CH56x_bsp.o
                0x0000000020000158                bsp_tick_frequency
 *fill*         0x000000002000015c        0x4 
 .sbss.bsp_us_nbcycles
                0x0000000020000160        0x8 ./build/CH56x_bsp.o
                0x0000000020000160                bsp_us_nbcycles
 .sbss.debug_log_buf
                0x0000000020000168        0x4 ./build/CH56x_debug_log.o
 .sbss._command
                0x000000002000016c        0x1 ./build/bbio.o
 *fill*         0x000000002000016d        0x1 
 .sbss._descrSize
                0x000000002000016e        0x2 ./build/bbio.o
 .sbss._descrStringIndex
                0x0000000020000170        0x1 ./build/bbio.o
 .sbss._subCommand
                0x0000000020000171        0x1 ./build/bbio.o
 .sbss.g_doesToeSupportCurrentDevice
                0x0000000020000172        0x1 ./build/bbio.o
                0x0000000020000172                g_doesToeSupportCurrentDevice
 .sbss.SetupReq.4269
                0x0000000020000173        0x1 ./build/main.o
 .sbss.SetupReqLen.4270
                0x0000000020000174        0x2 ./build/main.o
 .sbss.SetupReqType.4268
                0x0000000020000176        0x1 ./build/main.o
 *fill*         0x0000000020000177        0x1 
 .sbss.bytesToWrite.4266
                0x0000000020000178        0x2 ./build/main.o
 .sbss.currentStep.4253
                0x000000002000017a        0x1 ./build/main.o
 .sbss.g_isHost
                0x000000002000017b        0x1 ./build/main.o
 .sbss.pDataToWrite.4267
                0x000000002000017c        0x4 ./build/main.o
 .sbss.sizeEndp1Buff
                0x0000000020000180        0x2 ./build/main.o
                0x0000000020000180                sizeEndp1Buff
 *fill*         0x0000000020000182        0x2 
 .sbss.g_descriptorConfig
                0x0000000020000184        0x4 ./build/usb20.o
                0x0000000020000184                g_descriptorConfig
 .sbss.g_descriptorConfigCustomSize
                0x0000000020000188        0x2 ./build/usb20.o
                0x0000000020000188                g_descriptorConfigCustomSize
 *fill*         0x000000002000018a        0x2 
 .sbss.g_descriptorDevice
                0x000000002000018c        0x4 ./build/usb20.o
                0x000000002000018c                g_descriptorDevice
 .sbss.g_descriptorStrings
                0x0000000020000190        0x4 ./build/usb20.o
                0x0000000020000190                g_descriptorStrings
 .sbss.bufferResetValue.4199
                0x0000000020000194        0x4 ./build/usb20-endpoints.o
 .sbss.bufferResetValue.4235
                0x0000000020000198        0x4 ./build/usb20-endpoints.o
 .sbss.bufferResetValue.4245
                0x000000002000019c        0x4 ./build/usb20-endpoints.o
 .sbss.sizeEndp6LoggingBuff
                0x00000000200001a0        0x2 ./build/usb20-endpoints.o
                0x00000000200001a0                sizeEndp6LoggingBuff
 .sbss.sizeEndp7LoggingBuff
                0x00000000200001a2        0x2 ./build/usb20-endpoints.o
                0x00000000200001a2                sizeEndp7LoggingBuff
 .sbss.__malloc_free_list
                0x00000000200001a4        0x4 /home/ju/RISC-V-Embedded-GCC/bin/../lib/gcc/riscv-none-embed/8.2.0/../../../../riscv-none-embed/lib/rv32imac/ilp32/libc_nano.a(lib_a-nano-mallocr.o)
                0x00000000200001a4                __malloc_free_list
 .sbss.__malloc_sbrk_start
                0x00000000200001a8        0x4 /home/ju/RISC-V-Embedded-GCC/bin/../lib/gcc/riscv-none-embed/8.2.0/../../../../riscv-none-embed/lib/rv32imac/ilp32/libc_nano.a(lib_a-nano-mallocr.o)
                0x00000000200001a8                __malloc_sbrk_start
 .sbss.heap_end.1518
                0x00000000200001ac        0x4 /home/ju/RISC-V-Embedded-GCC/bin/../lib/gcc/riscv-none-embed/8.2.0/../../../../riscv-none-embed/lib/rv32imac/ilp32/libnosys.a(sbrk.o)
 *(.gnu.linkonce.sb.*)
 *(.bss*)
 .bss._descriptorsStore
                0x00000000200001b0     0x1000 ./build/bbio.o
 *(.gnu.linkonce.b.*)
 *(COMMON*)
 COMMON         0x00000000200011b0       0x58 ./build/bbio.o
                0x00000000200011b0                g_bbioDescriptorConfigurationSize
                0x00000000200011b4                g_bbioDescriptorConfiguration
                0x00000000200011b8                g_bbioDescriptorsStringSizes
                0x00000000200011cc                g_usb20EpOutMask
                0x00000000200011d0                g_usb20EpInMask
                0x00000000200011d4                g_bbioDescriptorDeviceSize
                0x00000000200011d8                g_bbioDescriptorsString
                0x0000000020001200                g_usb20Speed
                0x0000000020001204                g_bbioDescriptorDevice
 *fill*         0x0000000020001208        0x8 
 COMMON         0x0000000020001210     0x1000 ./build/main.o
                0x0000000020001210                endp1BuffRaw
 COMMON         0x0000000020002210        0x4 /home/ju/RISC-V-Embedded-GCC/bin/../lib/gcc/riscv-none-embed/8.2.0/../../../../riscv-none-embed/lib/rv32imac/ilp32/libc_nano.a(lib_a-reent.o)
                0x0000000020002210                errno
                0x0000000020002214                . = ALIGN (0x4)
                0x0000000020002214                PROVIDE (_ebss = .)
                [!provide]                        PROVIDE (_end = _ebss)
                0x0000000020002214                PROVIDE (end = .)

.DMADATA        0x0000000020020000    0x13200 load address 0x0000000000004cc0
                0x0000000020020000                . = ALIGN (0x10)
                0x0000000020020000                PROVIDE (_dmadata_start = .)
 *(.dmadata*)
 *(.dmadata.*)
 *(.DMADATA*)
 .DMADATA       0x0000000020020000     0x2000 ./build/hspi.o
                0x0000000020020000                hspiDmaAddr1
                0x0000000020021000                hspiDmaAddr0
 .DMADATA       0x0000000020022000     0x1000 ./build/serdes.o
                0x0000000020022000                serdesDmaAddr
 .DMADATA       0x0000000020023000     0xe200 ./build/usb20.o
                0x0000000020023000                endp0RTbuff
                0x0000000020023200                endp7Tbuff
                0x0000000020024200                endp7Rbuff
                0x0000000020025200                endp6Tbuff
                0x0000000020026200                endp6Rbuff
                0x0000000020027200                endp5Tbuff
                0x0000000020028200                endp5Rbuff
                0x0000000020029200                endp4Tbuff
                0x000000002002a200                endp4Rbuff
                0x000000002002b200                endp3Tbuff
                0x000000002002c200                endp3Rbuff
                0x000000002002d200                endp2Tbuff
                0x000000002002e200                endp2Rbuff
                0x000000002002f200                endp1Tbuff
                0x0000000020030200                endp1Rbuff
 .DMADATA       0x0000000020031200     0x2000 ./build/usb20-endpoints.o
                0x0000000020031200                endp7LoggingBuffRaw
                0x0000000020032200                endp6LoggingBuffRaw
                0x0000000020033200                . = ALIGN (0x10)
                0x0000000020033200                PROVIDE (_dmadata_end = .)

.stack          0x0000000020003800      0x800
                0x0000000020003800                . = ALIGN (0x4)
                [!provide]                        PROVIDE (_susrstack = .)
                0x0000000020004000                . = (. + __stack_size)
 *fill*         0x0000000020003800      0x800 
                0x0000000020004000                PROVIDE (_eusrstack = .)
OUTPUT(./build/hydrausb3-keyboard.elf elf32-littleriscv)

.debug_info     0x0000000000000000    0x10444
 .debug_info    0x0000000000000000      0x50f ./build/core_riscv.o
 .debug_info    0x000000000000050f     0x155d ./build/CH56x_bsp.o
 .debug_info    0x0000000000001a6c      0xa3a ./build/CH56x_clk.o
 .debug_info    0x00000000000024a6      0xe1e ./build/CH56x_debug_log.o
 .debug_info    0x00000000000032c4      0xba4 ./build/CH56x_gpio.o
 .debug_info    0x0000000000003e68      0xe37 ./build/CH56x_hspi.o
 .debug_info    0x0000000000004c9f      0xcea ./build/CH56x_serdes.o
 .debug_info    0x0000000000005989      0xba3 ./build/CH56x_sys.o
 .debug_info    0x000000000000652c     0x1262 ./build/CH56x_uart.o
 .debug_info    0x000000000000778e      0x232 ./build/hydrausb3_v1.o
 .debug_info    0x00000000000079c0     0x140f ./build/bbio.o
 .debug_info    0x0000000000008dcf      0xb05 ./build/hspi.o
 .debug_info    0x00000000000098d4     0x10cb ./build/log.o
 .debug_info    0x000000000000a99f     0x1fa1 ./build/main.o
 .debug_info    0x000000000000c940      0xca4 ./build/serdes.o
 .debug_info    0x000000000000d5e4     0x1a16 ./build/usb20.o
 .debug_info    0x000000000000effa     0x1428 ./build/usb20-endpoints.o
 .debug_info    0x0000000000010422       0x22 ./build/startup_CH56x.o

.debug_abbrev   0x0000000000000000     0x30e1
 .debug_abbrev  0x0000000000000000      0x10d ./build/core_riscv.o
 .debug_abbrev  0x000000000000010d      0x4de ./build/CH56x_bsp.o
 .debug_abbrev  0x00000000000005eb      0x232 ./build/CH56x_clk.o
 .debug_abbrev  0x000000000000081d      0x2fe ./build/CH56x_debug_log.o
 .debug_abbrev  0x0000000000000b1b      0x290 ./build/CH56x_gpio.o
 .debug_abbrev  0x0000000000000dab      0x2f8 ./build/CH56x_hspi.o
 .debug_abbrev  0x00000000000010a3      0x271 ./build/CH56x_serdes.o
 .debug_abbrev  0x0000000000001314      0x2ae ./build/CH56x_sys.o
 .debug_abbrev  0x00000000000015c2      0x32f ./build/CH56x_uart.o
 .debug_abbrev  0x00000000000018f1      0x104 ./build/hydrausb3_v1.o
 .debug_abbrev  0x00000000000019f5      0x2dd ./build/bbio.o
 .debug_abbrev  0x0000000000001cd2      0x275 ./build/hspi.o
 .debug_abbrev  0x0000000000001f47      0x2ac ./build/log.o
 .debug_abbrev  0x00000000000021f3      0x3eb ./build/main.o
 .debug_abbrev  0x00000000000025de      0x32c ./build/serdes.o
 .debug_abbrev  0x000000000000290a      0x46d ./build/usb20.o
 .debug_abbrev  0x0000000000002d77      0x358 ./build/usb20-endpoints.o
 .debug_abbrev  0x00000000000030cf       0x12 ./build/startup_CH56x.o

.debug_aranges  0x0000000000000000      0x680
 .debug_aranges
                0x0000000000000000      0x100 ./build/core_riscv.o
 .debug_aranges
                0x0000000000000100       0x70 ./build/CH56x_bsp.o
 .debug_aranges
                0x0000000000000170       0x28 ./build/CH56x_clk.o
 .debug_aranges
                0x0000000000000198       0x40 ./build/CH56x_debug_log.o
 .debug_aranges
                0x00000000000001d8       0x48 ./build/CH56x_gpio.o
 .debug_aranges
                0x0000000000000220       0x40 ./build/CH56x_hspi.o
 .debug_aranges
                0x0000000000000260       0x58 ./build/CH56x_serdes.o
 .debug_aranges
                0x00000000000002b8       0x60 ./build/CH56x_sys.o
 .debug_aranges
                0x0000000000000318      0x130 ./build/CH56x_uart.o
 .debug_aranges
                0x0000000000000448       0x40 ./build/hydrausb3_v1.o
 .debug_aranges
                0x0000000000000488       0x38 ./build/bbio.o
 .debug_aranges
                0x00000000000004c0       0x48 ./build/hspi.o
 .debug_aranges
                0x0000000000000508       0x20 ./build/log.o
 .debug_aranges
                0x0000000000000528       0x40 ./build/main.o
 .debug_aranges
                0x0000000000000568       0x30 ./build/serdes.o
 .debug_aranges
                0x0000000000000598       0x70 ./build/usb20.o
 .debug_aranges
                0x0000000000000608       0x40 ./build/usb20-endpoints.o
 .debug_aranges
                0x0000000000000648       0x38 ./build/startup_CH56x.o

.debug_ranges   0x0000000000000000      0x9b0
 .debug_ranges  0x0000000000000000       0xf0 ./build/core_riscv.o
 .debug_ranges  0x00000000000000f0      0x318 ./build/CH56x_bsp.o
 .debug_ranges  0x0000000000000408       0x18 ./build/CH56x_clk.o
 .debug_ranges  0x0000000000000420       0x78 ./build/CH56x_debug_log.o
 .debug_ranges  0x0000000000000498       0x38 ./build/CH56x_gpio.o
 .debug_ranges  0x00000000000004d0       0x48 ./build/CH56x_hspi.o
 .debug_ranges  0x0000000000000518       0x48 ./build/CH56x_serdes.o
 .debug_ranges  0x0000000000000560       0x50 ./build/CH56x_sys.o
 .debug_ranges  0x00000000000005b0      0x120 ./build/CH56x_uart.o
 .debug_ranges  0x00000000000006d0       0x30 ./build/hydrausb3_v1.o
 .debug_ranges  0x0000000000000700       0x28 ./build/bbio.o
 .debug_ranges  0x0000000000000728       0x38 ./build/hspi.o
 .debug_ranges  0x0000000000000760       0x10 ./build/log.o
 .debug_ranges  0x0000000000000770       0x98 ./build/main.o
 .debug_ranges  0x0000000000000808       0x40 ./build/serdes.o
 .debug_ranges  0x0000000000000848       0xa0 ./build/usb20.o
 .debug_ranges  0x00000000000008e8       0x98 ./build/usb20-endpoints.o
 .debug_ranges  0x0000000000000980       0x30 ./build/startup_CH56x.o

.debug_line     0x0000000000000000     0xa603
 .debug_line    0x0000000000000000      0x5bf ./build/core_riscv.o
 .debug_line    0x00000000000005bf      0xf2b ./build/CH56x_bsp.o
 .debug_line    0x00000000000014ea      0x564 ./build/CH56x_clk.o
 .debug_line    0x0000000000001a4e      0x79e ./build/CH56x_debug_log.o
 .debug_line    0x00000000000021ec     0x10e3 ./build/CH56x_gpio.o
 .debug_line    0x00000000000032cf      0x6b2 ./build/CH56x_hspi.o
 .debug_line    0x0000000000003981      0x6bf ./build/CH56x_serdes.o
 .debug_line    0x0000000000004040      0x4f1 ./build/CH56x_sys.o
 .debug_line    0x0000000000004531     0x1308 ./build/CH56x_uart.o
 .debug_line    0x0000000000005839      0x283 ./build/hydrausb3_v1.o
 .debug_line    0x0000000000005abc      0xa62 ./build/bbio.o
 .debug_line    0x000000000000651e      0x308 ./build/hspi.o
 .debug_line    0x0000000000006826      0x240 ./build/log.o
 .debug_line    0x0000000000006a66      0xff7 ./build/main.o
 .debug_line    0x0000000000007a5d      0x323 ./build/serdes.o
 .debug_line    0x0000000000007d80     0x19d0 ./build/usb20.o
 .debug_line    0x0000000000009750      0xc4b ./build/usb20-endpoints.o
 .debug_line    0x000000000000a39b      0x268 ./build/startup_CH56x.o

.debug_str      0x0000000000000000     0x2519
 .debug_str     0x0000000000000000      0x2a2 ./build/core_riscv.o
                                        0x2ec (size before relaxing)
 .debug_str     0x00000000000002a2      0x74d ./build/CH56x_bsp.o
                                        0x8f9 (size before relaxing)
 .debug_str     0x00000000000009ef       0xcd ./build/CH56x_clk.o
                                        0x687 (size before relaxing)
 .debug_str     0x0000000000000abc      0x145 ./build/CH56x_debug_log.o
                                        0x722 (size before relaxing)
 .debug_str     0x0000000000000c01       0xc5 ./build/CH56x_gpio.o
                                        0x7ae (size before relaxing)
 .debug_str     0x0000000000000cc6      0x2c2 ./build/CH56x_hspi.o
                                        0x8a4 (size before relaxing)
 .debug_str     0x0000000000000f88      0x2b3 ./build/CH56x_serdes.o
                                        0x8a6 (size before relaxing)
 .debug_str     0x000000000000123b       0xe0 ./build/CH56x_sys.o
                                        0x6c9 (size before relaxing)
 .debug_str     0x000000000000131b      0x289 ./build/CH56x_uart.o
                                        0x873 (size before relaxing)
 .debug_str     0x00000000000015a4       0x64 ./build/hydrausb3_v1.o
                                        0x31e (size before relaxing)
 .debug_str     0x0000000000001608      0x8e8 ./build/bbio.o
                                        0xed4 (size before relaxing)
 .debug_str     0x0000000000001ef0       0xa9 ./build/hspi.o
                                        0x695 (size before relaxing)
 .debug_str     0x0000000000001f99       0x2f ./build/log.o
                                        0xbd8 (size before relaxing)
 .debug_str     0x0000000000001fc8      0x2a1 ./build/main.o
                                       0x1505 (size before relaxing)
 .debug_str     0x0000000000002269       0x31 ./build/serdes.o
                                        0x827 (size before relaxing)
 .debug_str     0x000000000000229a      0x156 ./build/usb20.o
                                        0xfe8 (size before relaxing)
 .debug_str     0x00000000000023f0       0xf1 ./build/usb20-endpoints.o
                                        0xd46 (size before relaxing)
 .debug_str     0x00000000000024e1       0x38 ./build/startup_CH56x.o
                                         0x62 (size before relaxing)

.comment        0x0000000000000000       0x33
 .comment       0x0000000000000000       0x33 ./build/core_riscv.o
                                         0x34 (size before relaxing)
 .comment       0x0000000000000033       0x34 ./build/CH56x_bsp.o
 .comment       0x0000000000000033       0x34 ./build/CH56x_clk.o
 .comment       0x0000000000000033       0x34 ./build/CH56x_debug_log.o
 .comment       0x0000000000000033       0x34 ./build/CH56x_gpio.o
 .comment       0x0000000000000033       0x34 ./build/CH56x_hspi.o
 .comment       0x0000000000000033       0x34 ./build/CH56x_serdes.o
 .comment       0x0000000000000033       0x34 ./build/CH56x_sys.o
 .comment       0x0000000000000033       0x34 ./build/CH56x_uart.o
 .comment       0x0000000000000033       0x34 ./build/hydrausb3_v1.o
 .comment       0x0000000000000033       0x34 ./build/bbio.o
 .comment       0x0000000000000033       0x34 ./build/hspi.o
 .comment       0x0000000000000033       0x34 ./build/log.o
 .comment       0x0000000000000033       0x34 ./build/main.o
 .comment       0x0000000000000033       0x34 ./build/serdes.o
 .comment       0x0000000000000033       0x34 ./build/usb20.o
 .comment       0x0000000000000033       0x34 ./build/usb20-endpoints.o

.debug_frame    0x0000000000000000     0x18a0
 .debug_frame   0x0000000000000000      0x1e0 ./build/core_riscv.o
 .debug_frame   0x00000000000001e0       0xf0 ./build/CH56x_bsp.o
 .debug_frame   0x00000000000002d0       0x30 ./build/CH56x_clk.o
 .debug_frame   0x0000000000000300      0x10c ./build/CH56x_debug_log.o
 .debug_frame   0x000000000000040c       0x70 ./build/CH56x_gpio.o
 .debug_frame   0x000000000000047c       0x84 ./build/CH56x_hspi.o
 .debug_frame   0x0000000000000500       0xb8 ./build/CH56x_serdes.o
 .debug_frame   0x00000000000005b8       0xa0 ./build/CH56x_sys.o
 .debug_frame   0x0000000000000658      0x240 ./build/CH56x_uart.o
 .debug_frame   0x0000000000000898       0x70 ./build/hydrausb3_v1.o
 .debug_frame   0x0000000000000908       0xfc ./build/bbio.o
 .debug_frame   0x0000000000000a04       0x70 ./build/hspi.o
 .debug_frame   0x0000000000000a74       0x3c ./build/log.o
 .debug_frame   0x0000000000000ab0      0x13c ./build/main.o
 .debug_frame   0x0000000000000bec       0x74 ./build/serdes.o
 .debug_frame   0x0000000000000c60      0x170 ./build/usb20.o
 .debug_frame   0x0000000000000dd0       0xcc ./build/usb20-endpoints.o
 .debug_frame   0x0000000000000e9c       0x60 /home/ju/RISC-V-Embedded-GCC/bin/../lib/gcc/riscv-none-embed/8.2.0/../../../../riscv-none-embed/lib/rv32imac/ilp32/libc_nano.a(lib_a-fwrite.o)
 .debug_frame   0x0000000000000efc       0x20 /home/ju/RISC-V-Embedded-GCC/bin/../lib/gcc/riscv-none-embed/8.2.0/../../../../riscv-none-embed/lib/rv32imac/ilp32/libc_nano.a(lib_a-memcpy.o)
 .debug_frame   0x0000000000000f1c       0x20 /home/ju/RISC-V-Embedded-GCC/bin/../lib/gcc/riscv-none-embed/8.2.0/../../../../riscv-none-embed/lib/rv32imac/ilp32/libc_nano.a(lib_a-strnlen.o)
 .debug_frame   0x0000000000000f3c       0x48 /home/ju/RISC-V-Embedded-GCC/bin/../lib/gcc/riscv-none-embed/8.2.0/../../../../riscv-none-embed/lib/rv32imac/ilp32/libc_nano.a(lib_a-vsnprintf.o)
 .debug_frame   0x0000000000000f84       0x50 /home/ju/RISC-V-Embedded-GCC/bin/../lib/gcc/riscv-none-embed/8.2.0/../../../../riscv-none-embed/lib/rv32imac/ilp32/libc_nano.a(lib_a-wbuf.o)
 .debug_frame   0x0000000000000fd4       0x3c /home/ju/RISC-V-Embedded-GCC/bin/../lib/gcc/riscv-none-embed/8.2.0/../../../../riscv-none-embed/lib/rv32imac/ilp32/libc_nano.a(lib_a-wsetup.o)
 .debug_frame   0x0000000000001010       0x7c /home/ju/RISC-V-Embedded-GCC/bin/../lib/gcc/riscv-none-embed/8.2.0/../../../../riscv-none-embed/lib/rv32imac/ilp32/libc_nano.a(lib_a-fflush.o)
 .debug_frame   0x000000000000108c      0x148 /home/ju/RISC-V-Embedded-GCC/bin/../lib/gcc/riscv-none-embed/8.2.0/../../../../riscv-none-embed/lib/rv32imac/ilp32/libc_nano.a(lib_a-findfp.o)
 .debug_frame   0x00000000000011d4       0x88 /home/ju/RISC-V-Embedded-GCC/bin/../lib/gcc/riscv-none-embed/8.2.0/../../../../riscv-none-embed/lib/rv32imac/ilp32/libc_nano.a(lib_a-fwalk.o)
 .debug_frame   0x000000000000125c       0x64 /home/ju/RISC-V-Embedded-GCC/bin/../lib/gcc/riscv-none-embed/8.2.0/../../../../riscv-none-embed/lib/rv32imac/ilp32/libc_nano.a(lib_a-makebuf.o)
 .debug_frame   0x00000000000012c0       0x40 /home/ju/RISC-V-Embedded-GCC/bin/../lib/gcc/riscv-none-embed/8.2.0/../../../../riscv-none-embed/lib/rv32imac/ilp32/libc_nano.a(lib_a-nano-freer.o)
 .debug_frame   0x0000000000001300       0x40 /home/ju/RISC-V-Embedded-GCC/bin/../lib/gcc/riscv-none-embed/8.2.0/../../../../riscv-none-embed/lib/rv32imac/ilp32/libc_nano.a(lib_a-nano-mallocr.o)
 .debug_frame   0x0000000000001340       0xe0 /home/ju/RISC-V-Embedded-GCC/bin/../lib/gcc/riscv-none-embed/8.2.0/../../../../riscv-none-embed/lib/rv32imac/ilp32/libc_nano.a(lib_a-nano-svfprintf.o)
 .debug_frame   0x0000000000001420       0x8c /home/ju/RISC-V-Embedded-GCC/bin/../lib/gcc/riscv-none-embed/8.2.0/../../../../riscv-none-embed/lib/rv32imac/ilp32/libc_nano.a(lib_a-nano-vfprintf_i.o)
 .debug_frame   0x00000000000014ac       0x30 /home/ju/RISC-V-Embedded-GCC/bin/../lib/gcc/riscv-none-embed/8.2.0/../../../../riscv-none-embed/lib/rv32imac/ilp32/libc_nano.a(lib_a-sbrkr.o)
 .debug_frame   0x00000000000014dc       0xa4 /home/ju/RISC-V-Embedded-GCC/bin/../lib/gcc/riscv-none-embed/8.2.0/../../../../riscv-none-embed/lib/rv32imac/ilp32/libc_nano.a(lib_a-stdio.o)
 .debug_frame   0x0000000000001580       0x30 /home/ju/RISC-V-Embedded-GCC/bin/../lib/gcc/riscv-none-embed/8.2.0/../../../../riscv-none-embed/lib/rv32imac/ilp32/libc_nano.a(lib_a-writer.o)
 .debug_frame   0x00000000000015b0       0x30 /home/ju/RISC-V-Embedded-GCC/bin/../lib/gcc/riscv-none-embed/8.2.0/../../../../riscv-none-embed/lib/rv32imac/ilp32/libc_nano.a(lib_a-closer.o)
 .debug_frame   0x00000000000015e0       0x30 /home/ju/RISC-V-Embedded-GCC/bin/../lib/gcc/riscv-none-embed/8.2.0/../../../../riscv-none-embed/lib/rv32imac/ilp32/libc_nano.a(lib_a-fstatr.o)
 .debug_frame   0x0000000000001610       0x30 /home/ju/RISC-V-Embedded-GCC/bin/../lib/gcc/riscv-none-embed/8.2.0/../../../../riscv-none-embed/lib/rv32imac/ilp32/libc_nano.a(lib_a-isattyr.o)
 .debug_frame   0x0000000000001640       0x30 /home/ju/RISC-V-Embedded-GCC/bin/../lib/gcc/riscv-none-embed/8.2.0/../../../../riscv-none-embed/lib/rv32imac/ilp32/libc_nano.a(lib_a-lseekr.o)
 .debug_frame   0x0000000000001670       0x20 /home/ju/RISC-V-Embedded-GCC/bin/../lib/gcc/riscv-none-embed/8.2.0/../../../../riscv-none-embed/lib/rv32imac/ilp32/libc_nano.a(lib_a-memchr.o)
 .debug_frame   0x0000000000001690       0x20 /home/ju/RISC-V-Embedded-GCC/bin/../lib/gcc/riscv-none-embed/8.2.0/../../../../riscv-none-embed/lib/rv32imac/ilp32/libc_nano.a(lib_a-memmove.o)
 .debug_frame   0x00000000000016b0       0x30 /home/ju/RISC-V-Embedded-GCC/bin/../lib/gcc/riscv-none-embed/8.2.0/../../../../riscv-none-embed/lib/rv32imac/ilp32/libc_nano.a(lib_a-mlock.o)
 .debug_frame   0x00000000000016e0       0x40 /home/ju/RISC-V-Embedded-GCC/bin/../lib/gcc/riscv-none-embed/8.2.0/../../../../riscv-none-embed/lib/rv32imac/ilp32/libc_nano.a(lib_a-nano-reallocr.o)
 .debug_frame   0x0000000000001720       0x30 /home/ju/RISC-V-Embedded-GCC/bin/../lib/gcc/riscv-none-embed/8.2.0/../../../../riscv-none-embed/lib/rv32imac/ilp32/libc_nano.a(lib_a-readr.o)
 .debug_frame   0x0000000000001750       0x70 /home/ju/RISC-V-Embedded-GCC/bin/../lib/gcc/riscv-none-embed/8.2.0/../../../../riscv-none-embed/lib/rv32imac/ilp32/libc_nano.a(lib_a-reent.o)
 .debug_frame   0x00000000000017c0       0x20 /home/ju/RISC-V-Embedded-GCC/bin/../lib/gcc/riscv-none-embed/8.2.0/../../../../riscv-none-embed/lib/rv32imac/ilp32/libc_nano.a(lib_a-nano-msizer.o)
 .debug_frame   0x00000000000017e0       0x20 /home/ju/RISC-V-Embedded-GCC/bin/../lib/gcc/riscv-none-embed/8.2.0/../../../../riscv-none-embed/lib/rv32imac/ilp32/libnosys.a(close.o)
 .debug_frame   0x0000000000001800       0x20 /home/ju/RISC-V-Embedded-GCC/bin/../lib/gcc/riscv-none-embed/8.2.0/../../../../riscv-none-embed/lib/rv32imac/ilp32/libnosys.a(fstat.o)
 .debug_frame   0x0000000000001820       0x20 /home/ju/RISC-V-Embedded-GCC/bin/../lib/gcc/riscv-none-embed/8.2.0/../../../../riscv-none-embed/lib/rv32imac/ilp32/libnosys.a(isatty.o)
 .debug_frame   0x0000000000001840       0x20 /home/ju/RISC-V-Embedded-GCC/bin/../lib/gcc/riscv-none-embed/8.2.0/../../../../riscv-none-embed/lib/rv32imac/ilp32/libnosys.a(lseek.o)
 .debug_frame   0x0000000000001860       0x20 /home/ju/RISC-V-Embedded-GCC/bin/../lib/gcc/riscv-none-embed/8.2.0/../../../../riscv-none-embed/lib/rv32imac/ilp32/libnosys.a(read.o)
 .debug_frame   0x0000000000001880       0x20 /home/ju/RISC-V-Embedded-GCC/bin/../lib/gcc/riscv-none-embed/8.2.0/../../../../riscv-none-embed/lib/rv32imac/ilp32/libnosys.a(sbrk.o)

.debug_loc      0x0000000000000000     0x332a
 .debug_loc     0x0000000000000000      0xa17 ./build/CH56x_bsp.o
 .debug_loc     0x0000000000000a17       0x85 ./build/CH56x_clk.o
 .debug_loc     0x0000000000000a9c      0x2d0 ./build/CH56x_debug_log.o
 .debug_loc     0x0000000000000d6c      0x2ba ./build/CH56x_gpio.o
 .debug_loc     0x0000000000001026      0x189 ./build/CH56x_hspi.o
 .debug_loc     0x00000000000011af       0xd5 ./build/CH56x_serdes.o
 .debug_loc     0x0000000000001284       0xe3 ./build/CH56x_sys.o
 .debug_loc     0x0000000000001367      0xd44 ./build/CH56x_uart.o
 .debug_loc     0x00000000000020ab      0x27a ./build/bbio.o
 .debug_loc     0x0000000000002325       0xad ./build/hspi.o
 .debug_loc     0x00000000000023d2       0x45 ./build/log.o
 .debug_loc     0x0000000000002417      0x1aa ./build/main.o
 .debug_loc     0x00000000000025c1       0xbb ./build/serdes.o
 .debug_loc     0x000000000000267c      0x893 ./build/usb20.o
 .debug_loc     0x0000000000002f0f      0x41b ./build/usb20-endpoints.o

.stab           0x0000000000000000       0x84
 .stab          0x0000000000000000       0x24 /home/ju/RISC-V-Embedded-GCC/bin/../lib/gcc/riscv-none-embed/8.2.0/../../../../riscv-none-embed/lib/rv32imac/ilp32/libnosys.a(close.o)
 .stab          0x0000000000000024       0x18 /home/ju/RISC-V-Embedded-GCC/bin/../lib/gcc/riscv-none-embed/8.2.0/../../../../riscv-none-embed/lib/rv32imac/ilp32/libnosys.a(fstat.o)
                                         0x24 (size before relaxing)
 .stab          0x000000000000003c       0x18 /home/ju/RISC-V-Embedded-GCC/bin/../lib/gcc/riscv-none-embed/8.2.0/../../../../riscv-none-embed/lib/rv32imac/ilp32/libnosys.a(isatty.o)
                                         0x24 (size before relaxing)
 .stab          0x0000000000000054       0x18 /home/ju/RISC-V-Embedded-GCC/bin/../lib/gcc/riscv-none-embed/8.2.0/../../../../riscv-none-embed/lib/rv32imac/ilp32/libnosys.a(lseek.o)
                                         0x24 (size before relaxing)
 .stab          0x000000000000006c       0x18 /home/ju/RISC-V-Embedded-GCC/bin/../lib/gcc/riscv-none-embed/8.2.0/../../../../riscv-none-embed/lib/rv32imac/ilp32/libnosys.a(read.o)
                                         0x24 (size before relaxing)

.stabstr        0x0000000000000000      0x117
 .stabstr       0x0000000000000000      0x117 /home/ju/RISC-V-Embedded-GCC/bin/../lib/gcc/riscv-none-embed/8.2.0/../../../../riscv-none-embed/lib/rv32imac/ilp32/libnosys.a(close.o)
