Archive member included to satisfy reference by file (symbol)

/home/ju/RISC-V-Embedded-GCC/bin/../lib/gcc/riscv-none-embed/8.2.0/rv32imac/ilp32/libgcc.a(_udivdi3.o)
                              ./build/CH56x_debug_log.o (__udivdi3)
/home/ju/RISC-V-Embedded-GCC/bin/../lib/gcc/riscv-none-embed/8.2.0/rv32imac/ilp32/libgcc.a(_clz.o)
                              /home/ju/RISC-V-Embedded-GCC/bin/../lib/gcc/riscv-none-embed/8.2.0/rv32imac/ilp32/libgcc.a(_udivdi3.o) (__clz_tab)
/home/ju/RISC-V-Embedded-GCC/bin/../lib/gcc/riscv-none-embed/8.2.0/../../../../riscv-none-embed/lib/rv32imac/ilp32/libc_nano.a(lib_a-memcpy.o)
                              ./build/CH56x_debug_log.o (memcpy)
/home/ju/RISC-V-Embedded-GCC/bin/../lib/gcc/riscv-none-embed/8.2.0/../../../../riscv-none-embed/lib/rv32imac/ilp32/libc_nano.a(lib_a-memset.o)
                              ./build/CH56x_usb30_devbulk.o (memset)
/home/ju/RISC-V-Embedded-GCC/bin/../lib/gcc/riscv-none-embed/8.2.0/../../../../riscv-none-embed/lib/rv32imac/ilp32/libc_nano.a(lib_a-sprintf.o)
                              ./build/CH56x_debug_log.o (sprintf)
/home/ju/RISC-V-Embedded-GCC/bin/../lib/gcc/riscv-none-embed/8.2.0/../../../../riscv-none-embed/lib/rv32imac/ilp32/libc_nano.a(lib_a-vsnprintf.o)
                              ./build/CH56x_debug_log.o (vsnprintf)
/home/ju/RISC-V-Embedded-GCC/bin/../lib/gcc/riscv-none-embed/8.2.0/../../../../riscv-none-embed/lib/rv32imac/ilp32/libc_nano.a(lib_a-impure.o)
                              /home/ju/RISC-V-Embedded-GCC/bin/../lib/gcc/riscv-none-embed/8.2.0/../../../../riscv-none-embed/lib/rv32imac/ilp32/libc_nano.a(lib_a-sprintf.o) (_impure_ptr)
/home/ju/RISC-V-Embedded-GCC/bin/../lib/gcc/riscv-none-embed/8.2.0/../../../../riscv-none-embed/lib/rv32imac/ilp32/libc_nano.a(lib_a-nano-svfprintf.o)
                              /home/ju/RISC-V-Embedded-GCC/bin/../lib/gcc/riscv-none-embed/8.2.0/../../../../riscv-none-embed/lib/rv32imac/ilp32/libc_nano.a(lib_a-sprintf.o) (_svfprintf_r)
/home/ju/RISC-V-Embedded-GCC/bin/../lib/gcc/riscv-none-embed/8.2.0/../../../../riscv-none-embed/lib/rv32imac/ilp32/libc_nano.a(lib_a-nano-vfprintf_i.o)
                              /home/ju/RISC-V-Embedded-GCC/bin/../lib/gcc/riscv-none-embed/8.2.0/../../../../riscv-none-embed/lib/rv32imac/ilp32/libc_nano.a(lib_a-nano-svfprintf.o) (_printf_i)
/home/ju/RISC-V-Embedded-GCC/bin/../lib/gcc/riscv-none-embed/8.2.0/../../../../riscv-none-embed/lib/rv32imac/ilp32/libc_nano.a(lib_a-memchr.o)
                              /home/ju/RISC-V-Embedded-GCC/bin/../lib/gcc/riscv-none-embed/8.2.0/../../../../riscv-none-embed/lib/rv32imac/ilp32/libc_nano.a(lib_a-nano-svfprintf.o) (memchr)
/home/ju/RISC-V-Embedded-GCC/bin/../lib/gcc/riscv-none-embed/8.2.0/../../../../riscv-none-embed/lib/rv32imac/ilp32/libc_nano.a(lib_a-memmove.o)
                              /home/ju/RISC-V-Embedded-GCC/bin/../lib/gcc/riscv-none-embed/8.2.0/../../../../riscv-none-embed/lib/rv32imac/ilp32/libc_nano.a(lib_a-nano-svfprintf.o) (memmove)
/home/ju/RISC-V-Embedded-GCC/bin/../lib/gcc/riscv-none-embed/8.2.0/../../../../riscv-none-embed/lib/rv32imac/ilp32/libc_nano.a(lib_a-nano-freer.o)
                              /home/ju/RISC-V-Embedded-GCC/bin/../lib/gcc/riscv-none-embed/8.2.0/../../../../riscv-none-embed/lib/rv32imac/ilp32/libc_nano.a(lib_a-nano-svfprintf.o) (_free_r)
/home/ju/RISC-V-Embedded-GCC/bin/../lib/gcc/riscv-none-embed/8.2.0/../../../../riscv-none-embed/lib/rv32imac/ilp32/libc_nano.a(lib_a-nano-mallocr.o)
                              /home/ju/RISC-V-Embedded-GCC/bin/../lib/gcc/riscv-none-embed/8.2.0/../../../../riscv-none-embed/lib/rv32imac/ilp32/libc_nano.a(lib_a-nano-svfprintf.o) (_malloc_r)
/home/ju/RISC-V-Embedded-GCC/bin/../lib/gcc/riscv-none-embed/8.2.0/../../../../riscv-none-embed/lib/rv32imac/ilp32/libc_nano.a(lib_a-nano-reallocr.o)
                              /home/ju/RISC-V-Embedded-GCC/bin/../lib/gcc/riscv-none-embed/8.2.0/../../../../riscv-none-embed/lib/rv32imac/ilp32/libc_nano.a(lib_a-nano-svfprintf.o) (_realloc_r)
/home/ju/RISC-V-Embedded-GCC/bin/../lib/gcc/riscv-none-embed/8.2.0/../../../../riscv-none-embed/lib/rv32imac/ilp32/libc_nano.a(lib_a-sbrkr.o)
                              /home/ju/RISC-V-Embedded-GCC/bin/../lib/gcc/riscv-none-embed/8.2.0/../../../../riscv-none-embed/lib/rv32imac/ilp32/libc_nano.a(lib_a-nano-mallocr.o) (_sbrk_r)
/home/ju/RISC-V-Embedded-GCC/bin/../lib/gcc/riscv-none-embed/8.2.0/../../../../riscv-none-embed/lib/rv32imac/ilp32/libc_nano.a(lib_a-mlock.o)
                              /home/ju/RISC-V-Embedded-GCC/bin/../lib/gcc/riscv-none-embed/8.2.0/../../../../riscv-none-embed/lib/rv32imac/ilp32/libc_nano.a(lib_a-nano-freer.o) (__malloc_lock)
/home/ju/RISC-V-Embedded-GCC/bin/../lib/gcc/riscv-none-embed/8.2.0/../../../../riscv-none-embed/lib/rv32imac/ilp32/libc_nano.a(lib_a-nano-msizer.o)
                              /home/ju/RISC-V-Embedded-GCC/bin/../lib/gcc/riscv-none-embed/8.2.0/../../../../riscv-none-embed/lib/rv32imac/ilp32/libc_nano.a(lib_a-nano-reallocr.o) (_malloc_usable_size_r)
/home/ju/RISC-V-Embedded-GCC/bin/../lib/gcc/riscv-none-embed/8.2.0/../../../../riscv-none-embed/lib/rv32imac/ilp32/libc_nano.a(lib_a-reent.o)
                              /home/ju/RISC-V-Embedded-GCC/bin/../lib/gcc/riscv-none-embed/8.2.0/../../../../riscv-none-embed/lib/rv32imac/ilp32/libc_nano.a(lib_a-sbrkr.o) (errno)
/home/ju/RISC-V-Embedded-GCC/bin/../lib/gcc/riscv-none-embed/8.2.0/../../../../riscv-none-embed/lib/rv32imac/ilp32/libnosys.a(sbrk.o)
                              /home/ju/RISC-V-Embedded-GCC/bin/../lib/gcc/riscv-none-embed/8.2.0/../../../../riscv-none-embed/lib/rv32imac/ilp32/libc_nano.a(lib_a-sbrkr.o) (_sbrk)

Allocating common symbols
Common symbol       size              file

errno               0x4               /home/ju/RISC-V-Embedded-GCC/bin/../lib/gcc/riscv-none-embed/8.2.0/../../../../riscv-none-embed/lib/rv32imac/ilp32/libc_nano.a(lib_a-reent.o)
g_devInfo           0x5               ./build/CH56x_usb20_devbulk.o

Discarded input sections

 .text          0x0000000000000000        0x0 ./build/core_riscv.o
 .data          0x0000000000000000        0x0 ./build/core_riscv.o
 .bss           0x0000000000000000        0x0 ./build/core_riscv.o
 .text.__get_FFLAGS
                0x0000000000000000        0x6 ./build/core_riscv.o
 .text.__set_FFLAGS
                0x0000000000000000        0x6 ./build/core_riscv.o
 .text.__get_FRM
                0x0000000000000000        0x6 ./build/core_riscv.o
 .text.__set_FRM
                0x0000000000000000        0x6 ./build/core_riscv.o
 .text.__get_FCSR
                0x0000000000000000        0x6 ./build/core_riscv.o
 .text.__set_FCSR
                0x0000000000000000        0x6 ./build/core_riscv.o
 .text.__get_MSTATUS
                0x0000000000000000        0x6 ./build/core_riscv.o
 .text.__set_MSTATUS
                0x0000000000000000        0x6 ./build/core_riscv.o
 .text.__get_MISA
                0x0000000000000000        0x6 ./build/core_riscv.o
 .text.__set_MISA
                0x0000000000000000        0x6 ./build/core_riscv.o
 .text.__get_MIE
                0x0000000000000000        0x6 ./build/core_riscv.o
 .text.__set_MIE
                0x0000000000000000        0x6 ./build/core_riscv.o
 .text.__get_MTVEC
                0x0000000000000000        0x6 ./build/core_riscv.o
 .text.__set_MTVEC
                0x0000000000000000        0x6 ./build/core_riscv.o
 .text.__get_MSCRATCH
                0x0000000000000000        0x6 ./build/core_riscv.o
 .text.__set_MSCRATCH
                0x0000000000000000        0x6 ./build/core_riscv.o
 .text.__get_MEPC
                0x0000000000000000        0x6 ./build/core_riscv.o
 .text.__set_MEPC
                0x0000000000000000        0x6 ./build/core_riscv.o
 .text.__get_MCAUSE
                0x0000000000000000        0x6 ./build/core_riscv.o
 .text.__set_MCAUSE
                0x0000000000000000        0x6 ./build/core_riscv.o
 .text.__get_MTVAL
                0x0000000000000000        0x6 ./build/core_riscv.o
 .text.__set_MTVAL
                0x0000000000000000        0x6 ./build/core_riscv.o
 .text.__get_MIP
                0x0000000000000000        0x6 ./build/core_riscv.o
 .text.__set_MIP
                0x0000000000000000        0x6 ./build/core_riscv.o
 .text.__get_MVENDORID
                0x0000000000000000        0x6 ./build/core_riscv.o
 .text.__get_MARCHID
                0x0000000000000000        0x6 ./build/core_riscv.o
 .text.__get_MIMPID
                0x0000000000000000        0x6 ./build/core_riscv.o
 .text.__get_MHARTID
                0x0000000000000000        0x6 ./build/core_riscv.o
 .text.__get_SP
                0x0000000000000000        0x4 ./build/core_riscv.o
 .comment       0x0000000000000000       0x34 ./build/core_riscv.o
 .text          0x0000000000000000        0x0 ./build/CH56x_bsp.o
 .data          0x0000000000000000        0x0 ./build/CH56x_bsp.o
 .bss           0x0000000000000000        0x0 ./build/CH56x_bsp.o
 .text.bsp_init
                0x0000000000000000       0x6a ./build/CH56x_bsp.o
 .text.bsp_get_SysTickCNT
                0x0000000000000000       0x10 ./build/CH56x_bsp.o
 .text.bsp_get_tick
                0x0000000000000000       0x18 ./build/CH56x_bsp.o
 .text.bsp_wait_nb_cycles
                0x0000000000000000       0x32 ./build/CH56x_bsp.o
 .text.bsp_gpio_cfg
                0x0000000000000000       0x1e ./build/CH56x_bsp.o
 .text.bsp_gpio_read
                0x0000000000000000       0x1a ./build/CH56x_bsp.o
 .text.bsp_gpio_set
                0x0000000000000000       0x1e ./build/CH56x_bsp.o
 .text.bsp_gpio_clr
                0x0000000000000000       0x1e ./build/CH56x_bsp.o
 .text.bsp_sync2boards
                0x0000000000000000      0x1ce ./build/CH56x_bsp.o
 .sbss.bsp_tick_frequency
                0x0000000000000000        0x4 ./build/CH56x_bsp.o
 .text          0x0000000000000000        0x0 ./build/CH56x_bus8.o
 .data          0x0000000000000000        0x0 ./build/CH56x_bus8.o
 .bss           0x0000000000000000        0x0 ./build/CH56x_bus8.o
 .text.BUS8_GPIO_Init
                0x0000000000000000       0x2c ./build/CH56x_bus8.o
 .text.BUS8_Init
                0x0000000000000000       0x42 ./build/CH56x_bus8.o
 .comment       0x0000000000000000       0x34 ./build/CH56x_bus8.o
 .text          0x0000000000000000        0x0 ./build/CH56x_clk.o
 .data          0x0000000000000000        0x0 ./build/CH56x_clk.o
 .bss           0x0000000000000000        0x0 ./build/CH56x_clk.o
 .text.SystemInit
                0x0000000000000000      0x194 ./build/CH56x_clk.o
 .text.GetSysClock
                0x0000000000000000       0x4e ./build/CH56x_clk.o
 .comment       0x0000000000000000       0x34 ./build/CH56x_clk.o
 .text          0x0000000000000000        0x0 ./build/CH56x_debug_log.o
 .data          0x0000000000000000        0x0 ./build/CH56x_debug_log.o
 .bss           0x0000000000000000        0x0 ./build/CH56x_debug_log.o
 .text.log_init
                0x0000000000000000       0x2e ./build/CH56x_debug_log.o
 .text.log_time_reinit
                0x0000000000000000       0x1e ./build/CH56x_debug_log.o
 .text.cprintf  0x0000000000000000       0xb6 ./build/CH56x_debug_log.o
 .text.cprint_hex
                0x0000000000000000       0xfa ./build/CH56x_debug_log.o
 .text.log_printf
                0x0000000000000000      0x186 ./build/CH56x_debug_log.o
 .rodata.cprint_hex.str1.4
                0x0000000000000000       0x14 ./build/CH56x_debug_log.o
 .rodata.log_printf.str1.4
                0x0000000000000000       0x15 ./build/CH56x_debug_log.o
 .sbss.debug_log_buf
                0x0000000000000000        0x4 ./build/CH56x_debug_log.o
 .sbss.startCNT64
                0x0000000000000000        0x8 ./build/CH56x_debug_log.o
 .comment       0x0000000000000000       0x34 ./build/CH56x_debug_log.o
 .text          0x0000000000000000        0x0 ./build/CH56x_dvp.o
 .data          0x0000000000000000        0x0 ./build/CH56x_dvp.o
 .bss           0x0000000000000000        0x0 ./build/CH56x_dvp.o
 .text.DVP_INTCfg
                0x0000000000000000       0x1e ./build/CH56x_dvp.o
 .text.DVP_Mode
                0x0000000000000000       0x4c ./build/CH56x_dvp.o
 .text.DVP_Cfg  0x0000000000000000       0x84 ./build/CH56x_dvp.o
 .comment       0x0000000000000000       0x34 ./build/CH56x_dvp.o
 .text          0x0000000000000000        0x0 ./build/CH56x_ecdc.o
 .data          0x0000000000000000        0x0 ./build/CH56x_ecdc.o
 .bss           0x0000000000000000        0x0 ./build/CH56x_ecdc.o
 .text.ECDC_Init
                0x0000000000000000       0xf2 ./build/CH56x_ecdc.o
 .text.ECDC_SetKey
                0x0000000000000000       0x3e ./build/CH56x_ecdc.o
 .text.ECDC_SetCount
                0x0000000000000000       0x16 ./build/CH56x_ecdc.o
 .text.ECDC_Excute
                0x0000000000000000       0x3c ./build/CH56x_ecdc.o
 .text.ECDC_SingleRegister
                0x0000000000000000       0x3e ./build/CH56x_ecdc.o
 .text.ECDC_SelfDMA
                0x0000000000000000       0x22 ./build/CH56x_ecdc.o
 .text.ECDC_RloadCount
                0x0000000000000000       0x68 ./build/CH56x_ecdc.o
 .comment       0x0000000000000000       0x34 ./build/CH56x_ecdc.o
 .text          0x0000000000000000        0x0 ./build/CH56x_emmc.o
 .data          0x0000000000000000        0x0 ./build/CH56x_emmc.o
 .bss           0x0000000000000000        0x0 ./build/CH56x_emmc.o
 .text.EMMCIO0Init
                0x0000000000000000       0x7e ./build/CH56x_emmc.o
 .text.CheckCMDComp
                0x0000000000000000       0x22 ./build/CH56x_emmc.o
 .text.EMMCResetIdle
                0x0000000000000000       0x28 ./build/CH56x_emmc.o
 .text.EMMCReadOCR
                0x0000000000000000       0x88 ./build/CH56x_emmc.o
 .text.EMMCReadCID
                0x0000000000000000       0x42 ./build/CH56x_emmc.o
 .text.EMMCSetRCA
                0x0000000000000000       0x58 ./build/CH56x_emmc.o
 .text.EMMCReadCSD
                0x0000000000000000       0x94 ./build/CH56x_emmc.o
 .text.SelectEMMCCard
                0x0000000000000000       0x32 ./build/CH56x_emmc.o
 .text.ReadEMMCStatus
                0x0000000000000000       0x32 ./build/CH56x_emmc.o
 .text.EMMCSetBusWidth
                0x0000000000000000       0x3c ./build/CH56x_emmc.o
 .text.EMMCSetHighSpeed
                0x0000000000000000       0x34 ./build/CH56x_emmc.o
 .text.EMMCCardConfig
                0x0000000000000000      0x336 ./build/CH56x_emmc.o
 .text.EMMCCardConfig_N
                0x0000000000000000      0x32a ./build/CH56x_emmc.o
 .text.EMMCIOTransErrorDeal
                0x0000000000000000       0x16 ./build/CH56x_emmc.o
 .text.EMMCCardReadEXCSD
                0x0000000000000000       0x48 ./build/CH56x_emmc.o
 .text.EMMCCardReadOneSec
                0x0000000000000000       0x56 ./build/CH56x_emmc.o
 .text.EMMCCardReadMulSec
                0x0000000000000000       0xa0 ./build/CH56x_emmc.o
 .text.EMMCCardWriteMulSec
                0x0000000000000000       0xce ./build/CH56x_emmc.o
 .text.AES_EMMCWriteMulSec
                0x0000000000000000      0x136 ./build/CH56x_emmc.o
 .text.AES_EMMCReadMulSec
                0x0000000000000000      0x122 ./build/CH56x_emmc.o
 .DMADATA       0x0000000000000000      0x200 ./build/CH56x_emmc.o
 .comment       0x0000000000000000       0x34 ./build/CH56x_emmc.o
 .text          0x0000000000000000        0x0 ./build/CH56x_flash.o
 .data          0x0000000000000000        0x0 ./build/CH56x_flash.o
 .bss           0x0000000000000000        0x0 ./build/CH56x_flash.o
 .text.FLASH_ROMA_ReadByte
                0x0000000000000000       0xbe ./build/CH56x_flash.o
 .text.FLASH_ROMA_ReadWord
                0x0000000000000000      0x1ba ./build/CH56x_flash.o
 .text.FLASH_ROMA_READ
                0x0000000000000000      0x11a ./build/CH56x_flash.o
 .text.FLASH_ROMA_WRITE
                0x0000000000000000      0x1be ./build/CH56x_flash.o
 .text.FLASH_ROMA_ERASE_4K
                0x0000000000000000      0x156 ./build/CH56x_flash.o
 .text.FLASH_ROMA_ERASE_64K
                0x0000000000000000      0x14e ./build/CH56x_flash.o
 .comment       0x0000000000000000       0x34 ./build/CH56x_flash.o
 .text          0x0000000000000000        0x0 ./build/CH56x_gpio.o
 .data          0x0000000000000000        0x0 ./build/CH56x_gpio.o
 .bss           0x0000000000000000        0x0 ./build/CH56x_gpio.o
 .text.GPIOA_ModeCfg
                0x0000000000000000      0x11e ./build/CH56x_gpio.o
 .rodata.GPIOA_ModeCfg
                0x0000000000000000       0x2c ./build/CH56x_gpio.o
 .text.GPIOB_ModeCfg
                0x0000000000000000      0x11e ./build/CH56x_gpio.o
 .rodata.GPIOB_ModeCfg
                0x0000000000000000       0x2c ./build/CH56x_gpio.o
 .text.GPIOA_ITModeCfg
                0x0000000000000000      0x104 ./build/CH56x_gpio.o
 .text.GPIOB_ITModeCfg
                0x0000000000000000      0x380 ./build/CH56x_gpio.o
 .text.GPIOPinRemap
                0x0000000000000000       0x22 ./build/CH56x_gpio.o
 .text.GPIOMco  0x0000000000000000       0x4a ./build/CH56x_gpio.o
 .comment       0x0000000000000000       0x34 ./build/CH56x_gpio.o
 .text          0x0000000000000000        0x0 ./build/CH56x_hspi.o
 .data          0x0000000000000000        0x0 ./build/CH56x_hspi.o
 .bss           0x0000000000000000        0x0 ./build/CH56x_hspi.o
 .text.HSPI_DoubleDMA_Init
                0x0000000000000000      0x1b0 ./build/CH56x_hspi.o
 .text.HSPI_INTCfg
                0x0000000000000000       0x1e ./build/CH56x_hspi.o
 .text.HSPI_DMA_Tx_CFG
                0x0000000000000000       0x20 ./build/CH56x_hspi.o
 .text.HSPI_DMA_Tx
                0x0000000000000000       0x18 ./build/CH56x_hspi.o
 .text.HSPI_Wait_Txdone
                0x0000000000000000       0x14 ./build/CH56x_hspi.o
 .comment       0x0000000000000000       0x34 ./build/CH56x_hspi.o
 .text          0x0000000000000000        0x0 ./build/CH56x_pwm.o
 .data          0x0000000000000000        0x0 ./build/CH56x_pwm.o
 .bss           0x0000000000000000        0x0 ./build/CH56x_pwm.o
 .text.PWMX_CycleCfg
                0x0000000000000000       0x2e ./build/CH56x_pwm.o
 .text.PWMX_ACTOUT
                0x0000000000000000       0x88 ./build/CH56x_pwm.o
 .comment       0x0000000000000000       0x34 ./build/CH56x_pwm.o
 .text          0x0000000000000000        0x0 ./build/CH56x_pwr.o
 .data          0x0000000000000000        0x0 ./build/CH56x_pwr.o
 .bss           0x0000000000000000        0x0 ./build/CH56x_pwr.o
 .text.PWR_PeriphClkCfg
                0x0000000000000000       0x38 ./build/CH56x_pwr.o
 .text.PWR_PeriphWakeUpCfg
                0x0000000000000000       0x42 ./build/CH56x_pwr.o
 .text.LowPower_Idle
                0x0000000000000000       0x1e ./build/CH56x_pwr.o
 .text.LowPower_Halt
                0x0000000000000000       0x30 ./build/CH56x_pwr.o
 .text.LowPower_Sleep
                0x0000000000000000       0x3c ./build/CH56x_pwr.o
 .comment       0x0000000000000000       0x34 ./build/CH56x_pwr.o
 .text          0x0000000000000000        0x0 ./build/CH56x_serdes.o
 .data          0x0000000000000000        0x0 ./build/CH56x_serdes.o
 .bss           0x0000000000000000        0x0 ./build/CH56x_serdes.o
 .text.SerDes_Tx_Init
                0x0000000000000000       0x8c ./build/CH56x_serdes.o
 .text.SerDes_Rx_Init
                0x0000000000000000       0x70 ./build/CH56x_serdes.o
 .text.SerDes_DMA_Tx_CFG
                0x0000000000000000       0x16 ./build/CH56x_serdes.o
 .text.SerDes_DMA_Tx
                0x0000000000000000       0x1a ./build/CH56x_serdes.o
 .text.SerDes_Wait_Txdone
                0x0000000000000000       0x28 ./build/CH56x_serdes.o
 .text.SerDes_Wait_commadone
                0x0000000000000000       0x14 ./build/CH56x_serdes.o
 .text.SerDes_DoubleDMA_Rx_CFG
                0x0000000000000000       0x10 ./build/CH56x_serdes.o
 .text.SerDes_DMA_Rx_CFG
                0x0000000000000000        0xc ./build/CH56x_serdes.o
 .comment       0x0000000000000000       0x34 ./build/CH56x_serdes.o
 .text          0x0000000000000000        0x0 ./build/CH56x_spi.o
 .data          0x0000000000000000        0x0 ./build/CH56x_spi.o
 .bss           0x0000000000000000        0x0 ./build/CH56x_spi.o
 .text.SPI0_MasterDefInit
                0x0000000000000000       0x32 ./build/CH56x_spi.o
 .text.SPI0_DataMode
                0x0000000000000000       0x8e ./build/CH56x_spi.o
 .text.SPI0_MasterSendByte
                0x0000000000000000       0x24 ./build/CH56x_spi.o
 .text.SPI0_MasterRecvByte
                0x0000000000000000       0x2a ./build/CH56x_spi.o
 .text.SPI0_MasterTrans
                0x0000000000000000       0x54 ./build/CH56x_spi.o
 .text.SPI0_MasterRecv
                0x0000000000000000       0x46 ./build/CH56x_spi.o
 .text.SPI0_MasterDMATrans
                0x0000000000000000       0x46 ./build/CH56x_spi.o
 .text.SPI0_MasterDMARecv
                0x0000000000000000       0x46 ./build/CH56x_spi.o
 .text.SPI0_SlaveInit
                0x0000000000000000       0x20 ./build/CH56x_spi.o
 .text.SPI0_SlaveRecvByte
                0x0000000000000000       0x24 ./build/CH56x_spi.o
 .text.SPI0_SlaveSendByte
                0x0000000000000000       0x24 ./build/CH56x_spi.o
 .text.SPI0_SlaveRecv
                0x0000000000000000       0x46 ./build/CH56x_spi.o
 .text.SPI0_SlaveTrans
                0x0000000000000000       0x54 ./build/CH56x_spi.o
 .text.SPI1_MasterDefInit
                0x0000000000000000       0x32 ./build/CH56x_spi.o
 .text.SPI1_DataMode
                0x0000000000000000       0x8e ./build/CH56x_spi.o
 .text.SPI1_MasterSendByte
                0x0000000000000000       0x24 ./build/CH56x_spi.o
 .text.SPI1_MasterRecvByte
                0x0000000000000000       0x2a ./build/CH56x_spi.o
 .text.SPI1_MasterTrans
                0x0000000000000000       0x54 ./build/CH56x_spi.o
 .text.SPI1_MasterRecv
                0x0000000000000000       0x46 ./build/CH56x_spi.o
 .text.SPI1_MasterDMATrans
                0x0000000000000000       0x4a ./build/CH56x_spi.o
 .text.SPI1_MasterDMARecv
                0x0000000000000000       0x4a ./build/CH56x_spi.o
 .text.SPI1_SlaveInit
                0x0000000000000000       0x20 ./build/CH56x_spi.o
 .text.SPI1_SlaveRecvByte
                0x0000000000000000       0x24 ./build/CH56x_spi.o
 .text.SPI1_SlaveSendByte
                0x0000000000000000       0x24 ./build/CH56x_spi.o
 .text.SPI1_SlaveRecv
                0x0000000000000000       0x46 ./build/CH56x_spi.o
 .text.SPI1_SlaveTrans
                0x0000000000000000       0x54 ./build/CH56x_spi.o
 .comment       0x0000000000000000       0x34 ./build/CH56x_spi.o
 .text          0x0000000000000000        0x0 ./build/CH56x_sys.o
 .data          0x0000000000000000        0x0 ./build/CH56x_sys.o
 .bss           0x0000000000000000        0x0 ./build/CH56x_sys.o
 .text.Delay_Init
                0x0000000000000000        0x8 ./build/CH56x_sys.o
 .text.mDelayuS
                0x0000000000000000        0x8 ./build/CH56x_sys.o
 .text.mDelaymS
                0x0000000000000000        0x8 ./build/CH56x_sys.o
 .text.SYS_GetInfoSta
                0x0000000000000000       0x12 ./build/CH56x_sys.o
 .text.SYS_ResetExecute
                0x0000000000000000       0x26 ./build/CH56x_sys.o
 .text.WWDG_ITCfg
                0x0000000000000000       0x42 ./build/CH56x_sys.o
 .text.WWDG_ResetCfg
                0x0000000000000000       0x42 ./build/CH56x_sys.o
 .text.WWDG_ClearFlag
                0x0000000000000000       0x26 ./build/CH56x_sys.o
 .comment       0x0000000000000000       0x34 ./build/CH56x_sys.o
 .text          0x0000000000000000        0x0 ./build/CH56x_timer.o
 .data          0x0000000000000000        0x0 ./build/CH56x_timer.o
 .bss           0x0000000000000000        0x0 ./build/CH56x_timer.o
 .text.TMR1_TimerInit
                0x0000000000000000       0x16 ./build/CH56x_timer.o
 .text.TMR2_TimerInit
                0x0000000000000000       0x16 ./build/CH56x_timer.o
 .text.TMR0_EXTSignalCounterInit
                0x0000000000000000       0x14 ./build/CH56x_timer.o
 .text.TMR1_EXTSignalCounterInit
                0x0000000000000000       0x16 ./build/CH56x_timer.o
 .text.TMR2_EXTSignalCounterInit
                0x0000000000000000       0x16 ./build/CH56x_timer.o
 .text.TMR0_PWMInit
                0x0000000000000000       0x1e ./build/CH56x_timer.o
 .text.TMR1_PWMInit
                0x0000000000000000       0x1e ./build/CH56x_timer.o
 .text.TMR2_PWMInit
                0x0000000000000000       0x1e ./build/CH56x_timer.o
 .text.TMR0_CapInit
                0x0000000000000000       0x1a ./build/CH56x_timer.o
 .text.TMR1_CapInit
                0x0000000000000000       0x1a ./build/CH56x_timer.o
 .text.TMR2_CapInit
                0x0000000000000000       0x1a ./build/CH56x_timer.o
 .text.TMR1_DMACfg
                0x0000000000000000       0x36 ./build/CH56x_timer.o
 .text.TMR2_DMACfg
                0x0000000000000000       0x36 ./build/CH56x_timer.o
 .text          0x0000000000000000        0x0 ./build/CH56x_uart.o
 .data          0x0000000000000000        0x0 ./build/CH56x_uart.o
 .bss           0x0000000000000000        0x0 ./build/CH56x_uart.o
 .text.UART0_init
                0x0000000000000000       0x54 ./build/CH56x_uart.o
 .text.UART0_DefInit
                0x0000000000000000       0x2a ./build/CH56x_uart.o
 .text.UART1_init
                0x0000000000000000       0x54 ./build/CH56x_uart.o
 .text.UART1_DefInit
                0x0000000000000000       0x2a ./build/CH56x_uart.o
 .text.UART2_init
                0x0000000000000000       0x54 ./build/CH56x_uart.o
 .text.UART2_DefInit
                0x0000000000000000       0x2a ./build/CH56x_uart.o
 .text.UART3_init
                0x0000000000000000       0x54 ./build/CH56x_uart.o
 .text.UART3_DefInit
                0x0000000000000000       0x2a ./build/CH56x_uart.o
 .text.UART0_BaudRateCfg
                0x0000000000000000       0x22 ./build/CH56x_uart.o
 .text.UART1_BaudRateCfg
                0x0000000000000000       0x22 ./build/CH56x_uart.o
 .text.UART2_BaudRateCfg
                0x0000000000000000       0x22 ./build/CH56x_uart.o
 .text.UART3_BaudRateCfg
                0x0000000000000000       0x22 ./build/CH56x_uart.o
 .text.UART0_ByteTrigCfg
                0x0000000000000000       0x1a ./build/CH56x_uart.o
 .text.UART1_ByteTrigCfg
                0x0000000000000000       0x1a ./build/CH56x_uart.o
 .text.UART2_ByteTrigCfg
                0x0000000000000000       0x1a ./build/CH56x_uart.o
 .text.UART3_ByteTrigCfg
                0x0000000000000000       0x1a ./build/CH56x_uart.o
 .text.UART0_INTCfg
                0x0000000000000000       0x2a ./build/CH56x_uart.o
 .text.UART1_INTCfg
                0x0000000000000000       0x2a ./build/CH56x_uart.o
 .text.UART2_INTCfg
                0x0000000000000000       0x2a ./build/CH56x_uart.o
 .text.UART3_INTCfg
                0x0000000000000000       0x2a ./build/CH56x_uart.o
 .text.UART0_Reset
                0x0000000000000000        0xe ./build/CH56x_uart.o
 .text.UART1_Reset
                0x0000000000000000        0xe ./build/CH56x_uart.o
 .text.UART2_Reset
                0x0000000000000000        0xe ./build/CH56x_uart.o
 .text.UART3_Reset
                0x0000000000000000        0xe ./build/CH56x_uart.o
 .text.UART0_SendString
                0x0000000000000000       0x2c ./build/CH56x_uart.o
 .text.UART1_SendString
                0x0000000000000000       0x2c ./build/CH56x_uart.o
 .text.UART2_SendString
                0x0000000000000000       0x2c ./build/CH56x_uart.o
 .text.UART3_SendString
                0x0000000000000000       0x2c ./build/CH56x_uart.o
 .text.UART0_RecvString
                0x0000000000000000       0x3a ./build/CH56x_uart.o
 .text.UART1_RecvString
                0x0000000000000000       0x3a ./build/CH56x_uart.o
 .text.UART1_rx
                0x0000000000000000       0x44 ./build/CH56x_uart.o
 .text.UART2_RecvString
                0x0000000000000000       0x3a ./build/CH56x_uart.o
 .text.UART2_rx
                0x0000000000000000       0x44 ./build/CH56x_uart.o
 .text.UART3_RecvString
                0x0000000000000000       0x3a ./build/CH56x_uart.o
 .text.UART3_rx
                0x0000000000000000       0x44 ./build/CH56x_uart.o
 .comment       0x0000000000000000       0x34 ./build/CH56x_uart.o
 .text          0x0000000000000000        0x0 ./build/hydrausb3_v1.o
 .data          0x0000000000000000        0x0 ./build/hydrausb3_v1.o
 .bss           0x0000000000000000        0x0 ./build/hydrausb3_v1.o
 .text.bsp_gpio_init
                0x0000000000000000       0x72 ./build/hydrausb3_v1.o
 .text.bsp_ubtn
                0x0000000000000000        0xe ./build/hydrausb3_v1.o
 .text.bsp_switch
                0x0000000000000000       0x10 ./build/hydrausb3_v1.o
 .text.bsp_uled_on
                0x0000000000000000       0x10 ./build/hydrausb3_v1.o
 .text.bsp_uled_off
                0x0000000000000000       0x10 ./build/hydrausb3_v1.o
 .comment       0x0000000000000000       0x34 ./build/hydrausb3_v1.o
 .text          0x0000000000000000        0x0 ./build/CH56x_usb20_devbulk.o
 .data          0x0000000000000000        0x0 ./build/CH56x_usb20_devbulk.o
 .bss           0x0000000000000000        0x0 ./build/CH56x_usb20_devbulk.o
 .text.USB2_force
                0x0000000000000000      0x120 ./build/CH56x_usb20_devbulk.o
 .text.USB20_Device_Setaddress
                0x0000000000000000        0xe ./build/CH56x_usb20_devbulk.o
 .text.U20_Endp0_IN_Callback
                0x0000000000000000       0xbe ./build/CH56x_usb20_devbulk.o
 .DMADATA       0x0000000000000000       0x10 ./build/CH56x_usb20_devbulk.o
 .sbss.seq_num  0x0000000000000000        0x4 ./build/CH56x_usb20_devbulk.o
 .text          0x0000000000000000        0x0 ./build/CH56x_usb30_devbulk.o
 .data          0x0000000000000000        0x0 ./build/CH56x_usb30_devbulk.o
 .bss           0x0000000000000000        0x0 ./build/CH56x_usb30_devbulk.o
 .text.USB3_force
                0x0000000000000000      0x15e ./build/CH56x_usb30_devbulk.o
 .text.USB30_BusReset
                0x0000000000000000      0x14e ./build/CH56x_usb30_devbulk.o
 .text.EP0_IN_Callback
                0x0000000000000000       0x7e ./build/CH56x_usb30_devbulk.o
 .text.EP0_OUT_Callback
                0x0000000000000000        0x4 ./build/CH56x_usb30_devbulk.o
 .text.USB30_Setup_Status
                0x0000000000000000       0x40 ./build/CH56x_usb30_devbulk.o
 .text.EP1_IN_Callback
                0x0000000000000000       0x7e ./build/CH56x_usb30_devbulk.o
 .text.EP2_IN_Callback
                0x0000000000000000       0x84 ./build/CH56x_usb30_devbulk.o
 .text.EP3_IN_Callback
                0x0000000000000000        0x2 ./build/CH56x_usb30_devbulk.o
 .text.EP4_IN_Callback
                0x0000000000000000        0x2 ./build/CH56x_usb30_devbulk.o
 .text.EP5_IN_Callback
                0x0000000000000000        0x2 ./build/CH56x_usb30_devbulk.o
 .text.EP6_IN_Callback
                0x0000000000000000        0x2 ./build/CH56x_usb30_devbulk.o
 .text.EP7_IN_Callback
                0x0000000000000000        0x2 ./build/CH56x_usb30_devbulk.o
 .text.EP1_OUT_Callback
                0x0000000000000000       0xac ./build/CH56x_usb30_devbulk.o
 .text.EP2_OUT_Callback
                0x0000000000000000       0x7c ./build/CH56x_usb30_devbulk.o
 .text.EP3_OUT_Callback
                0x0000000000000000        0x2 ./build/CH56x_usb30_devbulk.o
 .text.EP4_OUT_Callback
                0x0000000000000000        0x2 ./build/CH56x_usb30_devbulk.o
 .text.EP5_OUT_Callback
                0x0000000000000000        0x2 ./build/CH56x_usb30_devbulk.o
 .text.EP6_OUT_Callback
                0x0000000000000000        0x2 ./build/CH56x_usb30_devbulk.o
 .text.EP7_OUT_Callback
                0x0000000000000000        0x2 ./build/CH56x_usb30_devbulk.o
 .text.USB30_ITP_Callback
                0x0000000000000000        0x2 ./build/CH56x_usb30_devbulk.o
 .text          0x0000000000000000        0x0 ./build/CH56x_usb_devbulk_desc_cmd.o
 .data          0x0000000000000000        0x0 ./build/CH56x_usb_devbulk_desc_cmd.o
 .bss           0x0000000000000000        0x0 ./build/CH56x_usb_devbulk_desc_cmd.o
 .text.usb_descriptor_set_usb_vid_pid
                0x0000000000000000       0x52 ./build/CH56x_usb_devbulk_desc_cmd.o
 .text.usb_descriptor_set_string_serial_number
                0x0000000000000000      0x102 ./build/CH56x_usb_devbulk_desc_cmd.o
 .rodata.htoa   0x0000000000000000       0x10 ./build/CH56x_usb_devbulk_desc_cmd.o
 .text          0x0000000000000000        0x0 ./build/main.o
 .data          0x0000000000000000        0x0 ./build/main.o
 .bss           0x0000000000000000        0x0 ./build/main.o
 .text          0x0000000000000000        0x0 ./build/startup_CH56x.o
 .data          0x0000000000000000        0x0 ./build/startup_CH56x.o
 .bss           0x0000000000000000        0x0 ./build/startup_CH56x.o
 .text          0x0000000000000000        0x0 /home/ju/RISC-V-Embedded-GCC/bin/../lib/gcc/riscv-none-embed/8.2.0/rv32imac/ilp32/libgcc.a(_udivdi3.o)
 .data          0x0000000000000000        0x0 /home/ju/RISC-V-Embedded-GCC/bin/../lib/gcc/riscv-none-embed/8.2.0/rv32imac/ilp32/libgcc.a(_udivdi3.o)
 .bss           0x0000000000000000        0x0 /home/ju/RISC-V-Embedded-GCC/bin/../lib/gcc/riscv-none-embed/8.2.0/rv32imac/ilp32/libgcc.a(_udivdi3.o)
 .text.__udivdi3
                0x0000000000000000      0x398 /home/ju/RISC-V-Embedded-GCC/bin/../lib/gcc/riscv-none-embed/8.2.0/rv32imac/ilp32/libgcc.a(_udivdi3.o)
 .eh_frame      0x0000000000000000       0x28 /home/ju/RISC-V-Embedded-GCC/bin/../lib/gcc/riscv-none-embed/8.2.0/rv32imac/ilp32/libgcc.a(_udivdi3.o)
 .text          0x0000000000000000        0x0 /home/ju/RISC-V-Embedded-GCC/bin/../lib/gcc/riscv-none-embed/8.2.0/rv32imac/ilp32/libgcc.a(_clz.o)
 .data          0x0000000000000000        0x0 /home/ju/RISC-V-Embedded-GCC/bin/../lib/gcc/riscv-none-embed/8.2.0/rv32imac/ilp32/libgcc.a(_clz.o)
 .bss           0x0000000000000000        0x0 /home/ju/RISC-V-Embedded-GCC/bin/../lib/gcc/riscv-none-embed/8.2.0/rv32imac/ilp32/libgcc.a(_clz.o)
 .rodata.__clz_tab
                0x0000000000000000      0x100 /home/ju/RISC-V-Embedded-GCC/bin/../lib/gcc/riscv-none-embed/8.2.0/rv32imac/ilp32/libgcc.a(_clz.o)
 .text          0x0000000000000000        0x0 /home/ju/RISC-V-Embedded-GCC/bin/../lib/gcc/riscv-none-embed/8.2.0/../../../../riscv-none-embed/lib/rv32imac/ilp32/libc_nano.a(lib_a-memcpy.o)
 .data          0x0000000000000000        0x0 /home/ju/RISC-V-Embedded-GCC/bin/../lib/gcc/riscv-none-embed/8.2.0/../../../../riscv-none-embed/lib/rv32imac/ilp32/libc_nano.a(lib_a-memcpy.o)
 .bss           0x0000000000000000        0x0 /home/ju/RISC-V-Embedded-GCC/bin/../lib/gcc/riscv-none-embed/8.2.0/../../../../riscv-none-embed/lib/rv32imac/ilp32/libc_nano.a(lib_a-memcpy.o)
 .data          0x0000000000000000        0x0 /home/ju/RISC-V-Embedded-GCC/bin/../lib/gcc/riscv-none-embed/8.2.0/../../../../riscv-none-embed/lib/rv32imac/ilp32/libc_nano.a(lib_a-memset.o)
 .bss           0x0000000000000000        0x0 /home/ju/RISC-V-Embedded-GCC/bin/../lib/gcc/riscv-none-embed/8.2.0/../../../../riscv-none-embed/lib/rv32imac/ilp32/libc_nano.a(lib_a-memset.o)
 .text          0x0000000000000000        0x0 /home/ju/RISC-V-Embedded-GCC/bin/../lib/gcc/riscv-none-embed/8.2.0/../../../../riscv-none-embed/lib/rv32imac/ilp32/libc_nano.a(lib_a-sprintf.o)
 .data          0x0000000000000000        0x0 /home/ju/RISC-V-Embedded-GCC/bin/../lib/gcc/riscv-none-embed/8.2.0/../../../../riscv-none-embed/lib/rv32imac/ilp32/libc_nano.a(lib_a-sprintf.o)
 .bss           0x0000000000000000        0x0 /home/ju/RISC-V-Embedded-GCC/bin/../lib/gcc/riscv-none-embed/8.2.0/../../../../riscv-none-embed/lib/rv32imac/ilp32/libc_nano.a(lib_a-sprintf.o)
 .text._sprintf_r
                0x0000000000000000       0x40 /home/ju/RISC-V-Embedded-GCC/bin/../lib/gcc/riscv-none-embed/8.2.0/../../../../riscv-none-embed/lib/rv32imac/ilp32/libc_nano.a(lib_a-sprintf.o)
 .text.sprintf  0x0000000000000000       0x4e /home/ju/RISC-V-Embedded-GCC/bin/../lib/gcc/riscv-none-embed/8.2.0/../../../../riscv-none-embed/lib/rv32imac/ilp32/libc_nano.a(lib_a-sprintf.o)
 .debug_frame   0x0000000000000000       0x48 /home/ju/RISC-V-Embedded-GCC/bin/../lib/gcc/riscv-none-embed/8.2.0/../../../../riscv-none-embed/lib/rv32imac/ilp32/libc_nano.a(lib_a-sprintf.o)
 .text          0x0000000000000000        0x0 /home/ju/RISC-V-Embedded-GCC/bin/../lib/gcc/riscv-none-embed/8.2.0/../../../../riscv-none-embed/lib/rv32imac/ilp32/libc_nano.a(lib_a-vsnprintf.o)
 .data          0x0000000000000000        0x0 /home/ju/RISC-V-Embedded-GCC/bin/../lib/gcc/riscv-none-embed/8.2.0/../../../../riscv-none-embed/lib/rv32imac/ilp32/libc_nano.a(lib_a-vsnprintf.o)
 .bss           0x0000000000000000        0x0 /home/ju/RISC-V-Embedded-GCC/bin/../lib/gcc/riscv-none-embed/8.2.0/../../../../riscv-none-embed/lib/rv32imac/ilp32/libc_nano.a(lib_a-vsnprintf.o)
 .text._vsnprintf_r
                0x0000000000000000       0x64 /home/ju/RISC-V-Embedded-GCC/bin/../lib/gcc/riscv-none-embed/8.2.0/../../../../riscv-none-embed/lib/rv32imac/ilp32/libc_nano.a(lib_a-vsnprintf.o)
 .text.vsnprintf
                0x0000000000000000       0x1a /home/ju/RISC-V-Embedded-GCC/bin/../lib/gcc/riscv-none-embed/8.2.0/../../../../riscv-none-embed/lib/rv32imac/ilp32/libc_nano.a(lib_a-vsnprintf.o)
 .debug_frame   0x0000000000000000       0x48 /home/ju/RISC-V-Embedded-GCC/bin/../lib/gcc/riscv-none-embed/8.2.0/../../../../riscv-none-embed/lib/rv32imac/ilp32/libc_nano.a(lib_a-vsnprintf.o)
 .text          0x0000000000000000        0x0 /home/ju/RISC-V-Embedded-GCC/bin/../lib/gcc/riscv-none-embed/8.2.0/../../../../riscv-none-embed/lib/rv32imac/ilp32/libc_nano.a(lib_a-impure.o)
 .data          0x0000000000000000        0x0 /home/ju/RISC-V-Embedded-GCC/bin/../lib/gcc/riscv-none-embed/8.2.0/../../../../riscv-none-embed/lib/rv32imac/ilp32/libc_nano.a(lib_a-impure.o)
 .bss           0x0000000000000000        0x0 /home/ju/RISC-V-Embedded-GCC/bin/../lib/gcc/riscv-none-embed/8.2.0/../../../../riscv-none-embed/lib/rv32imac/ilp32/libc_nano.a(lib_a-impure.o)
 .data.impure_data
                0x0000000000000000       0x60 /home/ju/RISC-V-Embedded-GCC/bin/../lib/gcc/riscv-none-embed/8.2.0/../../../../riscv-none-embed/lib/rv32imac/ilp32/libc_nano.a(lib_a-impure.o)
 .sdata._impure_ptr
                0x0000000000000000        0x4 /home/ju/RISC-V-Embedded-GCC/bin/../lib/gcc/riscv-none-embed/8.2.0/../../../../riscv-none-embed/lib/rv32imac/ilp32/libc_nano.a(lib_a-impure.o)
 .sdata2._global_impure_ptr
                0x0000000000000000        0x4 /home/ju/RISC-V-Embedded-GCC/bin/../lib/gcc/riscv-none-embed/8.2.0/../../../../riscv-none-embed/lib/rv32imac/ilp32/libc_nano.a(lib_a-impure.o)
 .text          0x0000000000000000        0x0 /home/ju/RISC-V-Embedded-GCC/bin/../lib/gcc/riscv-none-embed/8.2.0/../../../../riscv-none-embed/lib/rv32imac/ilp32/libc_nano.a(lib_a-nano-svfprintf.o)
 .data          0x0000000000000000        0x0 /home/ju/RISC-V-Embedded-GCC/bin/../lib/gcc/riscv-none-embed/8.2.0/../../../../riscv-none-embed/lib/rv32imac/ilp32/libc_nano.a(lib_a-nano-svfprintf.o)
 .bss           0x0000000000000000        0x0 /home/ju/RISC-V-Embedded-GCC/bin/../lib/gcc/riscv-none-embed/8.2.0/../../../../riscv-none-embed/lib/rv32imac/ilp32/libc_nano.a(lib_a-nano-svfprintf.o)
 .text.__ssputs_r
                0x0000000000000000      0x102 /home/ju/RISC-V-Embedded-GCC/bin/../lib/gcc/riscv-none-embed/8.2.0/../../../../riscv-none-embed/lib/rv32imac/ilp32/libc_nano.a(lib_a-nano-svfprintf.o)
 .text.__ssprint_r
                0x0000000000000000      0x148 /home/ju/RISC-V-Embedded-GCC/bin/../lib/gcc/riscv-none-embed/8.2.0/../../../../riscv-none-embed/lib/rv32imac/ilp32/libc_nano.a(lib_a-nano-svfprintf.o)
 .text._svfprintf_r
                0x0000000000000000      0x29a /home/ju/RISC-V-Embedded-GCC/bin/../lib/gcc/riscv-none-embed/8.2.0/../../../../riscv-none-embed/lib/rv32imac/ilp32/libc_nano.a(lib_a-nano-svfprintf.o)
 .rodata._svfprintf_r.str1.4
                0x0000000000000000       0x13 /home/ju/RISC-V-Embedded-GCC/bin/../lib/gcc/riscv-none-embed/8.2.0/../../../../riscv-none-embed/lib/rv32imac/ilp32/libc_nano.a(lib_a-nano-svfprintf.o)
 .debug_frame   0x0000000000000000       0xe0 /home/ju/RISC-V-Embedded-GCC/bin/../lib/gcc/riscv-none-embed/8.2.0/../../../../riscv-none-embed/lib/rv32imac/ilp32/libc_nano.a(lib_a-nano-svfprintf.o)
 .text          0x0000000000000000        0x0 /home/ju/RISC-V-Embedded-GCC/bin/../lib/gcc/riscv-none-embed/8.2.0/../../../../riscv-none-embed/lib/rv32imac/ilp32/libc_nano.a(lib_a-nano-vfprintf_i.o)
 .data          0x0000000000000000        0x0 /home/ju/RISC-V-Embedded-GCC/bin/../lib/gcc/riscv-none-embed/8.2.0/../../../../riscv-none-embed/lib/rv32imac/ilp32/libc_nano.a(lib_a-nano-vfprintf_i.o)
 .bss           0x0000000000000000        0x0 /home/ju/RISC-V-Embedded-GCC/bin/../lib/gcc/riscv-none-embed/8.2.0/../../../../riscv-none-embed/lib/rv32imac/ilp32/libc_nano.a(lib_a-nano-vfprintf_i.o)
 .text._printf_common
                0x0000000000000000      0x10c /home/ju/RISC-V-Embedded-GCC/bin/../lib/gcc/riscv-none-embed/8.2.0/../../../../riscv-none-embed/lib/rv32imac/ilp32/libc_nano.a(lib_a-nano-vfprintf_i.o)
 .text._printf_i
                0x0000000000000000      0x2b4 /home/ju/RISC-V-Embedded-GCC/bin/../lib/gcc/riscv-none-embed/8.2.0/../../../../riscv-none-embed/lib/rv32imac/ilp32/libc_nano.a(lib_a-nano-vfprintf_i.o)
 .rodata._printf_i.str1.4
                0x0000000000000000       0x25 /home/ju/RISC-V-Embedded-GCC/bin/../lib/gcc/riscv-none-embed/8.2.0/../../../../riscv-none-embed/lib/rv32imac/ilp32/libc_nano.a(lib_a-nano-vfprintf_i.o)
 .debug_frame   0x0000000000000000       0x8c /home/ju/RISC-V-Embedded-GCC/bin/../lib/gcc/riscv-none-embed/8.2.0/../../../../riscv-none-embed/lib/rv32imac/ilp32/libc_nano.a(lib_a-nano-vfprintf_i.o)
 .text          0x0000000000000000        0x0 /home/ju/RISC-V-Embedded-GCC/bin/../lib/gcc/riscv-none-embed/8.2.0/../../../../riscv-none-embed/lib/rv32imac/ilp32/libc_nano.a(lib_a-memchr.o)
 .data          0x0000000000000000        0x0 /home/ju/RISC-V-Embedded-GCC/bin/../lib/gcc/riscv-none-embed/8.2.0/../../../../riscv-none-embed/lib/rv32imac/ilp32/libc_nano.a(lib_a-memchr.o)
 .bss           0x0000000000000000        0x0 /home/ju/RISC-V-Embedded-GCC/bin/../lib/gcc/riscv-none-embed/8.2.0/../../../../riscv-none-embed/lib/rv32imac/ilp32/libc_nano.a(lib_a-memchr.o)
 .text.memchr   0x0000000000000000       0x1a /home/ju/RISC-V-Embedded-GCC/bin/../lib/gcc/riscv-none-embed/8.2.0/../../../../riscv-none-embed/lib/rv32imac/ilp32/libc_nano.a(lib_a-memchr.o)
 .debug_frame   0x0000000000000000       0x20 /home/ju/RISC-V-Embedded-GCC/bin/../lib/gcc/riscv-none-embed/8.2.0/../../../../riscv-none-embed/lib/rv32imac/ilp32/libc_nano.a(lib_a-memchr.o)
 .text          0x0000000000000000        0x0 /home/ju/RISC-V-Embedded-GCC/bin/../lib/gcc/riscv-none-embed/8.2.0/../../../../riscv-none-embed/lib/rv32imac/ilp32/libc_nano.a(lib_a-memmove.o)
 .data          0x0000000000000000        0x0 /home/ju/RISC-V-Embedded-GCC/bin/../lib/gcc/riscv-none-embed/8.2.0/../../../../riscv-none-embed/lib/rv32imac/ilp32/libc_nano.a(lib_a-memmove.o)
 .bss           0x0000000000000000        0x0 /home/ju/RISC-V-Embedded-GCC/bin/../lib/gcc/riscv-none-embed/8.2.0/../../../../riscv-none-embed/lib/rv32imac/ilp32/libc_nano.a(lib_a-memmove.o)
 .text.memmove  0x0000000000000000       0x4a /home/ju/RISC-V-Embedded-GCC/bin/../lib/gcc/riscv-none-embed/8.2.0/../../../../riscv-none-embed/lib/rv32imac/ilp32/libc_nano.a(lib_a-memmove.o)
 .debug_frame   0x0000000000000000       0x20 /home/ju/RISC-V-Embedded-GCC/bin/../lib/gcc/riscv-none-embed/8.2.0/../../../../riscv-none-embed/lib/rv32imac/ilp32/libc_nano.a(lib_a-memmove.o)
 .text          0x0000000000000000        0x0 /home/ju/RISC-V-Embedded-GCC/bin/../lib/gcc/riscv-none-embed/8.2.0/../../../../riscv-none-embed/lib/rv32imac/ilp32/libc_nano.a(lib_a-nano-freer.o)
 .data          0x0000000000000000        0x0 /home/ju/RISC-V-Embedded-GCC/bin/../lib/gcc/riscv-none-embed/8.2.0/../../../../riscv-none-embed/lib/rv32imac/ilp32/libc_nano.a(lib_a-nano-freer.o)
 .bss           0x0000000000000000        0x0 /home/ju/RISC-V-Embedded-GCC/bin/../lib/gcc/riscv-none-embed/8.2.0/../../../../riscv-none-embed/lib/rv32imac/ilp32/libc_nano.a(lib_a-nano-freer.o)
 .text._free_r  0x0000000000000000       0xb8 /home/ju/RISC-V-Embedded-GCC/bin/../lib/gcc/riscv-none-embed/8.2.0/../../../../riscv-none-embed/lib/rv32imac/ilp32/libc_nano.a(lib_a-nano-freer.o)
 .debug_frame   0x0000000000000000       0x40 /home/ju/RISC-V-Embedded-GCC/bin/../lib/gcc/riscv-none-embed/8.2.0/../../../../riscv-none-embed/lib/rv32imac/ilp32/libc_nano.a(lib_a-nano-freer.o)
 .text          0x0000000000000000        0x0 /home/ju/RISC-V-Embedded-GCC/bin/../lib/gcc/riscv-none-embed/8.2.0/../../../../riscv-none-embed/lib/rv32imac/ilp32/libc_nano.a(lib_a-nano-mallocr.o)
 .data          0x0000000000000000        0x0 /home/ju/RISC-V-Embedded-GCC/bin/../lib/gcc/riscv-none-embed/8.2.0/../../../../riscv-none-embed/lib/rv32imac/ilp32/libc_nano.a(lib_a-nano-mallocr.o)
 .bss           0x0000000000000000        0x0 /home/ju/RISC-V-Embedded-GCC/bin/../lib/gcc/riscv-none-embed/8.2.0/../../../../riscv-none-embed/lib/rv32imac/ilp32/libc_nano.a(lib_a-nano-mallocr.o)
 .text._malloc_r
                0x0000000000000000      0x102 /home/ju/RISC-V-Embedded-GCC/bin/../lib/gcc/riscv-none-embed/8.2.0/../../../../riscv-none-embed/lib/rv32imac/ilp32/libc_nano.a(lib_a-nano-mallocr.o)
 .sbss.__malloc_free_list
                0x0000000000000000        0x4 /home/ju/RISC-V-Embedded-GCC/bin/../lib/gcc/riscv-none-embed/8.2.0/../../../../riscv-none-embed/lib/rv32imac/ilp32/libc_nano.a(lib_a-nano-mallocr.o)
 .sbss.__malloc_sbrk_start
                0x0000000000000000        0x4 /home/ju/RISC-V-Embedded-GCC/bin/../lib/gcc/riscv-none-embed/8.2.0/../../../../riscv-none-embed/lib/rv32imac/ilp32/libc_nano.a(lib_a-nano-mallocr.o)
 .debug_frame   0x0000000000000000       0x40 /home/ju/RISC-V-Embedded-GCC/bin/../lib/gcc/riscv-none-embed/8.2.0/../../../../riscv-none-embed/lib/rv32imac/ilp32/libc_nano.a(lib_a-nano-mallocr.o)
 .text          0x0000000000000000        0x0 /home/ju/RISC-V-Embedded-GCC/bin/../lib/gcc/riscv-none-embed/8.2.0/../../../../riscv-none-embed/lib/rv32imac/ilp32/libc_nano.a(lib_a-nano-reallocr.o)
 .data          0x0000000000000000        0x0 /home/ju/RISC-V-Embedded-GCC/bin/../lib/gcc/riscv-none-embed/8.2.0/../../../../riscv-none-embed/lib/rv32imac/ilp32/libc_nano.a(lib_a-nano-reallocr.o)
 .bss           0x0000000000000000        0x0 /home/ju/RISC-V-Embedded-GCC/bin/../lib/gcc/riscv-none-embed/8.2.0/../../../../riscv-none-embed/lib/rv32imac/ilp32/libc_nano.a(lib_a-nano-reallocr.o)
 .text._realloc_r
                0x0000000000000000       0x72 /home/ju/RISC-V-Embedded-GCC/bin/../lib/gcc/riscv-none-embed/8.2.0/../../../../riscv-none-embed/lib/rv32imac/ilp32/libc_nano.a(lib_a-nano-reallocr.o)
 .debug_frame   0x0000000000000000       0x40 /home/ju/RISC-V-Embedded-GCC/bin/../lib/gcc/riscv-none-embed/8.2.0/../../../../riscv-none-embed/lib/rv32imac/ilp32/libc_nano.a(lib_a-nano-reallocr.o)
 .text          0x0000000000000000        0x0 /home/ju/RISC-V-Embedded-GCC/bin/../lib/gcc/riscv-none-embed/8.2.0/../../../../riscv-none-embed/lib/rv32imac/ilp32/libc_nano.a(lib_a-sbrkr.o)
 .data          0x0000000000000000        0x0 /home/ju/RISC-V-Embedded-GCC/bin/../lib/gcc/riscv-none-embed/8.2.0/../../../../riscv-none-embed/lib/rv32imac/ilp32/libc_nano.a(lib_a-sbrkr.o)
 .bss           0x0000000000000000        0x0 /home/ju/RISC-V-Embedded-GCC/bin/../lib/gcc/riscv-none-embed/8.2.0/../../../../riscv-none-embed/lib/rv32imac/ilp32/libc_nano.a(lib_a-sbrkr.o)
 .text._sbrk_r  0x0000000000000000       0x36 /home/ju/RISC-V-Embedded-GCC/bin/../lib/gcc/riscv-none-embed/8.2.0/../../../../riscv-none-embed/lib/rv32imac/ilp32/libc_nano.a(lib_a-sbrkr.o)
 .debug_frame   0x0000000000000000       0x30 /home/ju/RISC-V-Embedded-GCC/bin/../lib/gcc/riscv-none-embed/8.2.0/../../../../riscv-none-embed/lib/rv32imac/ilp32/libc_nano.a(lib_a-sbrkr.o)
 .text          0x0000000000000000        0x0 /home/ju/RISC-V-Embedded-GCC/bin/../lib/gcc/riscv-none-embed/8.2.0/../../../../riscv-none-embed/lib/rv32imac/ilp32/libc_nano.a(lib_a-mlock.o)
 .data          0x0000000000000000        0x0 /home/ju/RISC-V-Embedded-GCC/bin/../lib/gcc/riscv-none-embed/8.2.0/../../../../riscv-none-embed/lib/rv32imac/ilp32/libc_nano.a(lib_a-mlock.o)
 .bss           0x0000000000000000        0x0 /home/ju/RISC-V-Embedded-GCC/bin/../lib/gcc/riscv-none-embed/8.2.0/../../../../riscv-none-embed/lib/rv32imac/ilp32/libc_nano.a(lib_a-mlock.o)
 .text.__malloc_lock
                0x0000000000000000        0x2 /home/ju/RISC-V-Embedded-GCC/bin/../lib/gcc/riscv-none-embed/8.2.0/../../../../riscv-none-embed/lib/rv32imac/ilp32/libc_nano.a(lib_a-mlock.o)
 .text.__malloc_unlock
                0x0000000000000000        0x2 /home/ju/RISC-V-Embedded-GCC/bin/../lib/gcc/riscv-none-embed/8.2.0/../../../../riscv-none-embed/lib/rv32imac/ilp32/libc_nano.a(lib_a-mlock.o)
 .debug_frame   0x0000000000000000       0x30 /home/ju/RISC-V-Embedded-GCC/bin/../lib/gcc/riscv-none-embed/8.2.0/../../../../riscv-none-embed/lib/rv32imac/ilp32/libc_nano.a(lib_a-mlock.o)
 .text          0x0000000000000000        0x0 /home/ju/RISC-V-Embedded-GCC/bin/../lib/gcc/riscv-none-embed/8.2.0/../../../../riscv-none-embed/lib/rv32imac/ilp32/libc_nano.a(lib_a-nano-msizer.o)
 .data          0x0000000000000000        0x0 /home/ju/RISC-V-Embedded-GCC/bin/../lib/gcc/riscv-none-embed/8.2.0/../../../../riscv-none-embed/lib/rv32imac/ilp32/libc_nano.a(lib_a-nano-msizer.o)
 .bss           0x0000000000000000        0x0 /home/ju/RISC-V-Embedded-GCC/bin/../lib/gcc/riscv-none-embed/8.2.0/../../../../riscv-none-embed/lib/rv32imac/ilp32/libc_nano.a(lib_a-nano-msizer.o)
 .text._malloc_usable_size_r
                0x0000000000000000       0x14 /home/ju/RISC-V-Embedded-GCC/bin/../lib/gcc/riscv-none-embed/8.2.0/../../../../riscv-none-embed/lib/rv32imac/ilp32/libc_nano.a(lib_a-nano-msizer.o)
 .debug_frame   0x0000000000000000       0x20 /home/ju/RISC-V-Embedded-GCC/bin/../lib/gcc/riscv-none-embed/8.2.0/../../../../riscv-none-embed/lib/rv32imac/ilp32/libc_nano.a(lib_a-nano-msizer.o)
 .text          0x0000000000000000        0x0 /home/ju/RISC-V-Embedded-GCC/bin/../lib/gcc/riscv-none-embed/8.2.0/../../../../riscv-none-embed/lib/rv32imac/ilp32/libc_nano.a(lib_a-reent.o)
 .data          0x0000000000000000        0x0 /home/ju/RISC-V-Embedded-GCC/bin/../lib/gcc/riscv-none-embed/8.2.0/../../../../riscv-none-embed/lib/rv32imac/ilp32/libc_nano.a(lib_a-reent.o)
 .bss           0x0000000000000000        0x0 /home/ju/RISC-V-Embedded-GCC/bin/../lib/gcc/riscv-none-embed/8.2.0/../../../../riscv-none-embed/lib/rv32imac/ilp32/libc_nano.a(lib_a-reent.o)
 .text.cleanup_glue
                0x0000000000000000       0x2c /home/ju/RISC-V-Embedded-GCC/bin/../lib/gcc/riscv-none-embed/8.2.0/../../../../riscv-none-embed/lib/rv32imac/ilp32/libc_nano.a(lib_a-reent.o)
 .text._reclaim_reent
                0x0000000000000000      0x10c /home/ju/RISC-V-Embedded-GCC/bin/../lib/gcc/riscv-none-embed/8.2.0/../../../../riscv-none-embed/lib/rv32imac/ilp32/libc_nano.a(lib_a-reent.o)
 .debug_frame   0x0000000000000000       0x70 /home/ju/RISC-V-Embedded-GCC/bin/../lib/gcc/riscv-none-embed/8.2.0/../../../../riscv-none-embed/lib/rv32imac/ilp32/libc_nano.a(lib_a-reent.o)
 COMMON         0x0000000000000000        0x4 /home/ju/RISC-V-Embedded-GCC/bin/../lib/gcc/riscv-none-embed/8.2.0/../../../../riscv-none-embed/lib/rv32imac/ilp32/libc_nano.a(lib_a-reent.o)
 .text          0x0000000000000000        0x0 /home/ju/RISC-V-Embedded-GCC/bin/../lib/gcc/riscv-none-embed/8.2.0/../../../../riscv-none-embed/lib/rv32imac/ilp32/libnosys.a(sbrk.o)
 .data          0x0000000000000000        0x0 /home/ju/RISC-V-Embedded-GCC/bin/../lib/gcc/riscv-none-embed/8.2.0/../../../../riscv-none-embed/lib/rv32imac/ilp32/libnosys.a(sbrk.o)
 .bss           0x0000000000000000        0x0 /home/ju/RISC-V-Embedded-GCC/bin/../lib/gcc/riscv-none-embed/8.2.0/../../../../riscv-none-embed/lib/rv32imac/ilp32/libnosys.a(sbrk.o)
 .text._sbrk    0x0000000000000000       0x30 /home/ju/RISC-V-Embedded-GCC/bin/../lib/gcc/riscv-none-embed/8.2.0/../../../../riscv-none-embed/lib/rv32imac/ilp32/libnosys.a(sbrk.o)
 .sbss.heap_end.1518
                0x0000000000000000        0x4 /home/ju/RISC-V-Embedded-GCC/bin/../lib/gcc/riscv-none-embed/8.2.0/../../../../riscv-none-embed/lib/rv32imac/ilp32/libnosys.a(sbrk.o)
 .debug_frame   0x0000000000000000       0x20 /home/ju/RISC-V-Embedded-GCC/bin/../lib/gcc/riscv-none-embed/8.2.0/../../../../riscv-none-embed/lib/rv32imac/ilp32/libnosys.a(sbrk.o)

Memory Configuration

Name             Origin             Length             Attributes
FLASH            0x0000000000000000 0x0000000000070000 xr
RAM              0x0000000020000000 0x0000000000004000 xrw
RAMX             0x0000000020020000 0x0000000000018000 xrw
*default*        0x0000000000000000 0xffffffffffffffff

Linker script and memory map

LOAD ./build/core_riscv.o
LOAD ./build/CH56x_bsp.o
LOAD ./build/CH56x_bus8.o
LOAD ./build/CH56x_clk.o
LOAD ./build/CH56x_debug_log.o
LOAD ./build/CH56x_dvp.o
LOAD ./build/CH56x_ecdc.o
LOAD ./build/CH56x_emmc.o
LOAD ./build/CH56x_flash.o
LOAD ./build/CH56x_gpio.o
LOAD ./build/CH56x_hspi.o
LOAD ./build/CH56x_pwm.o
LOAD ./build/CH56x_pwr.o
LOAD ./build/CH56x_serdes.o
LOAD ./build/CH56x_spi.o
LOAD ./build/CH56x_sys.o
LOAD ./build/CH56x_timer.o
LOAD ./build/CH56x_uart.o
LOAD ./build/hydrausb3_v1.o
LOAD ./build/CH56x_usb20_devbulk.o
LOAD ./build/CH56x_usb30_devbulk.o
LOAD ./build/CH56x_usb_devbulk_desc_cmd.o
LOAD ./build/main.o
LOAD ./build/startup_CH56x.o
LOAD /home/ju/RISC-V-Embedded-GCC/bin/../lib/gcc/riscv-none-embed/8.2.0/rv32imac/ilp32/libgcc.a
LOAD /home/ju/RISC-V-Embedded-GCC/bin/../lib/gcc/riscv-none-embed/8.2.0/../../../../riscv-none-embed/lib/rv32imac/ilp32/libc_nano.a
LOAD /home/ju/RISC-V-Embedded-GCC/bin/../lib/gcc/riscv-none-embed/8.2.0/rv32imac/ilp32/libgcc.a
START GROUP
LOAD /home/ju/RISC-V-Embedded-GCC/bin/../lib/gcc/riscv-none-embed/8.2.0/rv32imac/ilp32/libgcc.a
LOAD /home/ju/RISC-V-Embedded-GCC/bin/../lib/gcc/riscv-none-embed/8.2.0/../../../../riscv-none-embed/lib/rv32imac/ilp32/libc_nano.a
LOAD /home/ju/RISC-V-Embedded-GCC/bin/../lib/gcc/riscv-none-embed/8.2.0/../../../../riscv-none-embed/lib/rv32imac/ilp32/libnosys.a
END GROUP
START GROUP
LOAD /home/ju/RISC-V-Embedded-GCC/bin/../lib/gcc/riscv-none-embed/8.2.0/rv32imac/ilp32/libgcc.a
LOAD /home/ju/RISC-V-Embedded-GCC/bin/../lib/gcc/riscv-none-embed/8.2.0/../../../../riscv-none-embed/lib/rv32imac/ilp32/libc_nano.a
LOAD /home/ju/RISC-V-Embedded-GCC/bin/../lib/gcc/riscv-none-embed/8.2.0/../../../../riscv-none-embed/lib/rv32imac/ilp32/libnosys.a
END GROUP
                0x0000000000000800                __stack_size = 0x800
                [!provide]                        PROVIDE (_stack_size = __stack_size)

.init           0x0000000000000000        0x4
                0x0000000000000000                _sinit = .
                0x0000000000000000                . = ALIGN (0x4)
 *(SORT_NONE(.init))
 .init          0x0000000000000000        0x4 ./build/startup_CH56x.o
                0x0000000000000000                _start
                0x0000000000000004                . = ALIGN (0x4)
                0x0000000000000004                _einit = .

.vector         0x0000000000000004       0xbc
 *(.vector)
 .vector        0x0000000000000004       0x94 ./build/startup_CH56x.o
                0x00000000000000c0                . = ALIGN (0x40)
 *fill*         0x0000000000000098       0x28 

.text           0x00000000000000c0     0x1c14
                0x00000000000000c0                . = ALIGN (0x4)
 *(.text)
 .text          0x00000000000000c0       0xa8 /home/ju/RISC-V-Embedded-GCC/bin/../lib/gcc/riscv-none-embed/8.2.0/../../../../riscv-none-embed/lib/rv32imac/ilp32/libc_nano.a(lib_a-memset.o)
                0x00000000000000c0                memset
 *(.text.*)
 .text.bsp_wait_us_delay
                0x0000000000000168       0x6e ./build/CH56x_bsp.o
                0x0000000000000168                bsp_wait_us_delay
 .text.bsp_wait_ms_delay
                0x00000000000001d6       0x72 ./build/CH56x_bsp.o
                0x00000000000001d6                bsp_wait_ms_delay
 .text.TMR0_TimerInit
                0x0000000000000248       0x14 ./build/CH56x_timer.o
                0x0000000000000248                TMR0_TimerInit
 .text.USB20_Endp_Init
                0x000000000000025c       0xbc ./build/CH56x_usb20_devbulk.o
                0x000000000000025c                USB20_Endp_Init
 .text.USB20_Device_Init
                0x0000000000000318       0xda ./build/CH56x_usb20_devbulk.o
                0x0000000000000318                USB20_Device_Init
 .text.U20_NonStandard_Request
                0x00000000000003f2      0x16a ./build/CH56x_usb20_devbulk.o
                0x00000000000003f2                U20_NonStandard_Request
 .text.U20_Standard_Request
                0x000000000000055c      0x41e ./build/CH56x_usb20_devbulk.o
                0x000000000000055c                U20_Standard_Request
 .text.USBHS_IRQHandler
                0x000000000000097a      0x3b4 ./build/CH56x_usb20_devbulk.o
                0x000000000000097a                USBHS_IRQHandler
 .text.USB30D_init
                0x0000000000000d2e      0x140 ./build/CH56x_usb30_devbulk.o
                0x0000000000000d2e                USB30D_init
 .text.USB30_NonStandardReq
                0x0000000000000e6e      0x146 ./build/CH56x_usb30_devbulk.o
                0x0000000000000e6e                USB30_NonStandardReq
 .text.USB30_StandardReq
                0x0000000000000fb4      0x1b4 ./build/CH56x_usb30_devbulk.o
                0x0000000000000fb4                USB30_StandardReq
 .text.TMR0_IRQHandler
                0x0000000000001168      0x116 ./build/CH56x_usb30_devbulk.o
                0x0000000000001168                TMR0_IRQHandler
 .text.LINK_IRQHandler
                0x000000000000127e      0x3a0 ./build/CH56x_usb30_devbulk.o
                0x000000000000127e                LINK_IRQHandler
 .text.USBSS_IRQHandler
                0x000000000000161e      0x43e ./build/CH56x_usb30_devbulk.o
                0x000000000000161e                USBSS_IRQHandler
 .text.startup.main
                0x0000000000001a5c        0x4 ./build/main.o
                0x0000000000001a5c                main
 .text.vector_handler
                0x0000000000001a60       0x32 ./build/startup_CH56x.o
                0x0000000000001a60                NMI_Handler
                0x0000000000001a62                HardFault_Handler
                0x0000000000001a64                SysTick_Handler
                0x0000000000001a66                SW_Handler
                0x0000000000001a68                WDOG_IRQHandler
                0x0000000000001a6c                GPIO_IRQHandler
                0x0000000000001a6e                SPI0_IRQHandler
                0x0000000000001a74                TMR1_IRQHandler
                0x0000000000001a76                TMR2_IRQHandler
                0x0000000000001a78                UART0_IRQHandler
                0x0000000000001a7c                EMMC_IRQHandler
                0x0000000000001a7e                DVP_IRQHandler
                0x0000000000001a80                HSPI_IRQHandler
                0x0000000000001a82                SPI1_IRQHandler
                0x0000000000001a84                UART1_IRQHandler
                0x0000000000001a86                UART2_IRQHandler
                0x0000000000001a88                UART3_IRQHandler
                0x0000000000001a8a                SERDES_IRQHandler
                0x0000000000001a8c                ETH_IRQHandler
                0x0000000000001a8e                PMT_IRQHandler
                0x0000000000001a90                ECDC_IRQHandler
 .text.handle_reset
                0x0000000000001a92       0x92 ./build/startup_CH56x.o
                0x0000000000001a92                handle_reset
 .text.memcpy   0x0000000000001b24       0xb6 /home/ju/RISC-V-Embedded-GCC/bin/../lib/gcc/riscv-none-embed/8.2.0/../../../../riscv-none-embed/lib/rv32imac/ilp32/libc_nano.a(lib_a-memcpy.o)
                0x0000000000001b24                memcpy
 *(.rodata)
 *(.rodata*)
 *fill*         0x0000000000001bda        0x2 
 .rodata.U20_Standard_Request
                0x0000000000001bdc       0x30 ./build/CH56x_usb20_devbulk.o
 .rodata.USB30_StandardReq
                0x0000000000001c0c       0xc8 ./build/CH56x_usb30_devbulk.o
 *(.glue_7)
 *(.glue_7t)
 *(.gnu.linkonce.t.*)
                0x0000000000001cd4                . = ALIGN (0x4)

.rela.dyn       0x0000000000001cd4        0x0
 .rela.text.U20_Standard_Request
                0x0000000000001cd4        0x0 ./build/CH56x_bsp.o
 .rela.text.USBHS_IRQHandler
                0x0000000000001cd4        0x0 ./build/CH56x_bsp.o
 .rela.text.USBSS_IRQHandler
                0x0000000000001cd4        0x0 ./build/CH56x_bsp.o
 .rela.init     0x0000000000001cd4        0x0 ./build/CH56x_bsp.o
 .rela.vector   0x0000000000001cd4        0x0 ./build/CH56x_bsp.o
 .rela.text.handle_reset
                0x0000000000001cd4        0x0 ./build/CH56x_bsp.o

.fini           0x0000000000001cd4        0x0
 *(SORT_NONE(.fini))
                0x0000000000001cd4                . = ALIGN (0x4)
                [!provide]                        PROVIDE (_etext = .)
                [!provide]                        PROVIDE (_eitcm = .)

.preinit_array  0x0000000000001cd4        0x0
                [!provide]                        PROVIDE (__preinit_array_start = .)
 *(.preinit_array)
                [!provide]                        PROVIDE (__preinit_array_end = .)

.init_array     0x0000000000001cd4        0x0
                [!provide]                        PROVIDE (__init_array_start = .)
 *(SORT_BY_INIT_PRIORITY(.init_array.*) SORT_BY_INIT_PRIORITY(.ctors.*))
 *(.init_array EXCLUDE_FILE(*crtend?.o *crtend.o *crtbegin?.o *crtbegin.o) .ctors)
                [!provide]                        PROVIDE (__init_array_end = .)

.fini_array     0x0000000000001cd4        0x0
                [!provide]                        PROVIDE (__fini_array_start = .)
 *(SORT_BY_INIT_PRIORITY(.fini_array.*) SORT_BY_INIT_PRIORITY(.dtors.*))
 *(.fini_array EXCLUDE_FILE(*crtend?.o *crtend.o *crtbegin?.o *crtbegin.o) .dtors)
                [!provide]                        PROVIDE (__fini_array_end = .)

.ctors
 *crtbegin.o(.ctors)
 *crtbegin?.o(.ctors)
 *(EXCLUDE_FILE(*crtend?.o *crtend.o) .ctors)
 *(SORT_BY_NAME(.ctors.*))
 *(.ctors)

.dtors
 *crtbegin.o(.dtors)
 *crtbegin?.o(.dtors)
 *(EXCLUDE_FILE(*crtend?.o *crtend.o) .dtors)
 *(SORT_BY_NAME(.dtors.*))
 *(.dtors)

.dalign         0x0000000020000000        0x0 load address 0x0000000000001cd4
                0x0000000020000000                . = ALIGN (0x4)
                0x0000000020000000                PROVIDE (_data_vma = .)

.dlalign        0x0000000000001cd4        0x0
                0x0000000000001cd4                . = ALIGN (0x4)
                0x0000000000001cd4                PROVIDE (_data_lma = .)

.data           0x0000000020000000      0x250 load address 0x0000000000001cd4
 *(.gnu.linkonce.r.*)
 *(.data .data.*)
 .data.USB_BOSDescriptor
                0x0000000020000000       0x16 ./build/CH56x_usb_devbulk_desc_cmd.o
                0x0000000020000000                USB_BOSDescriptor
 *fill*         0x0000000020000016        0x2 
 .data.USB_CompatId
                0x0000000020000018       0x28 ./build/CH56x_usb_devbulk_desc_cmd.o
                0x0000000020000018                USB_CompatId
 .data.USB_HS_ConfigDescriptor
                0x0000000020000040       0x2e ./build/CH56x_usb_devbulk_desc_cmd.o
                0x0000000020000040                USB_HS_ConfigDescriptor
 *fill*         0x000000002000006e        0x2 
 .data.USB_HS_DeviceDescriptor
                0x0000000020000070       0x12 ./build/CH56x_usb_devbulk_desc_cmd.o
                0x0000000020000070                USB_HS_DeviceDescriptor
 *fill*         0x0000000020000082        0x2 
 .data.USB_HS_StringProduct
                0x0000000020000084       0x14 ./build/CH56x_usb_devbulk_desc_cmd.o
                0x0000000020000084                USB_HS_StringProduct
 .data.USB_MSOS20DescriptorSet
                0x0000000020000098       0x48 ./build/CH56x_usb_devbulk_desc_cmd.o
                0x0000000020000098                USB_MSOS20DescriptorSet
 .data.USB_OSStringDescriptor
                0x00000000200000e0       0x12 ./build/CH56x_usb_devbulk_desc_cmd.o
                0x00000000200000e0                USB_OSStringDescriptor
 *fill*         0x00000000200000f2        0x2 
 .data.USB_PropertyHeader
                0x00000000200000f4       0x8e ./build/CH56x_usb_devbulk_desc_cmd.o
                0x00000000200000f4                USB_PropertyHeader
 *fill*         0x0000000020000182        0x2 
 .data.USB_SS_ConfigDescriptor
                0x0000000020000184       0x46 ./build/CH56x_usb_devbulk_desc_cmd.o
                0x0000000020000184                USB_SS_ConfigDescriptor
 *fill*         0x00000000200001ca        0x2 
 .data.USB_SS_DeviceDescriptor
                0x00000000200001cc       0x12 ./build/CH56x_usb_devbulk_desc_cmd.o
                0x00000000200001cc                USB_SS_DeviceDescriptor
 *fill*         0x00000000200001de        0x2 
 .data.USB_SS_StringProduct
                0x00000000200001e0       0x14 ./build/CH56x_usb_devbulk_desc_cmd.o
                0x00000000200001e0                USB_SS_StringProduct
 .data.USB_StringSerial
                0x00000000200001f4       0x3c ./build/CH56x_usb_devbulk_desc_cmd.o
                0x00000000200001f4                USB_StringSerial
 .data.USB_StringVendor
                0x0000000020000230       0x12 ./build/CH56x_usb_devbulk_desc_cmd.o
                0x0000000020000230                USB_StringVendor
 *(.gnu.linkonce.d.*)
                0x0000000020000248                . = ALIGN (0x8)
 *fill*         0x0000000020000242        0x6 
                0x0000000020000a48                PROVIDE (__global_pointer$ = (. + 0x800))
 *(.sdata .sdata.*)
 .sdata.U20_EndpnMaxSize
                0x0000000020000248        0x2 ./build/CH56x_usb20_devbulk.o
                0x0000000020000248                U20_EndpnMaxSize
 *fill*         0x000000002000024a        0x2 
 .sdata.USB_StringLangID
                0x000000002000024c        0x4 ./build/CH56x_usb_devbulk_desc_cmd.o
                0x000000002000024c                USB_StringLangID
 *(.sdata2.*)
 *(.gnu.linkonce.s.*)
                0x0000000020000250                . = ALIGN (0x8)
 *(.srodata.cst16)
 *(.srodata.cst8)
 *(.srodata.cst4)
 *(.srodata.cst2)
 *(.srodata .srodata.*)
                0x0000000020000250                . = ALIGN (0x4)
                0x0000000020000250                PROVIDE (_edata = .)

.bss            0x0000000020000250       0x48 load address 0x0000000000001f24
                0x0000000020000250                . = ALIGN (0x4)
                0x0000000020000250                PROVIDE (_sbss = .)
 *(.sbss*)
 .sbss.bsp_ms_nbcycles
                0x0000000020000250        0x8 ./build/CH56x_bsp.o
                0x0000000020000250                bsp_ms_nbcycles
 .sbss.bsp_us_nbcycles
                0x0000000020000258        0x8 ./build/CH56x_bsp.o
                0x0000000020000258                bsp_us_nbcycles
 .sbss.EP1_OUT_seq_num
                0x0000000020000260        0x4 ./build/CH56x_usb20_devbulk.o
                0x0000000020000260                EP1_OUT_seq_num
 .sbss.SetupLen
                0x0000000020000264        0x2 ./build/CH56x_usb20_devbulk.o
                0x0000000020000264                SetupLen
 .sbss.SetupReq
                0x0000000020000266        0x1 ./build/CH56x_usb20_devbulk.o
 *fill*         0x0000000020000267        0x1 
 .sbss.SetupReqLen
                0x0000000020000268        0x2 ./build/CH56x_usb20_devbulk.o
                0x0000000020000268                SetupReqLen
 .sbss.SetupReqType
                0x000000002000026a        0x1 ./build/CH56x_usb20_devbulk.o
 *fill*         0x000000002000026b        0x1 
 .sbss.pDescr   0x000000002000026c        0x4 ./build/CH56x_usb20_devbulk.o
 .sbss.pUEP1_RX_data
                0x0000000020000270        0x4 ./build/CH56x_usb20_devbulk.o
 .sbss.pUEP1_TX_data
                0x0000000020000274        0x4 ./build/CH56x_usb20_devbulk.o
 .sbss.SetupLen
                0x0000000020000278        0x4 ./build/CH56x_usb30_devbulk.o
 .sbss.SetupReqCode
                0x000000002000027c        0x1 ./build/CH56x_usb30_devbulk.o
 *fill*         0x000000002000027d        0x3 
 .sbss.count.4273
                0x0000000020000280        0x4 ./build/CH56x_usb30_devbulk.o
 .sbss.g_DeviceConnectstatus
                0x0000000020000284        0x1 ./build/CH56x_usb30_devbulk.o
                0x0000000020000284                g_DeviceConnectstatus
 .sbss.g_DeviceUsbType
                0x0000000020000285        0x1 ./build/CH56x_usb30_devbulk.o
                0x0000000020000285                g_DeviceUsbType
 .sbss.link_sta
                0x0000000020000286        0x1 ./build/CH56x_usb30_devbulk.o
                0x0000000020000286                link_sta
 *fill*         0x0000000020000287        0x1 
 .sbss.pDescr   0x0000000020000288        0x4 ./build/CH56x_usb30_devbulk.o
 .sbss.tx_lmp_port
                0x000000002000028c        0x1 ./build/CH56x_usb30_devbulk.o
                0x000000002000028c                tx_lmp_port
 *(.gnu.linkonce.sb.*)
 *(.bss*)
 *(.gnu.linkonce.b.*)
 *(COMMON*)
 *fill*         0x000000002000028d        0x3 
 COMMON         0x0000000020000290        0x5 ./build/CH56x_usb20_devbulk.o
                0x0000000020000290                g_devInfo
                0x0000000020000298                . = ALIGN (0x4)
 *fill*         0x0000000020000295        0x3 
                0x0000000020000298                PROVIDE (_ebss = .)
                [!provide]                        PROVIDE (_end = _ebss)
                0x0000000020000298                PROVIDE (end = .)

.DMADATA        0x0000000020020000     0x3200 load address 0x0000000000001f24
                0x0000000020020000                . = ALIGN (0x10)
                0x0000000020020000                PROVIDE (_dmadata_start = .)
 *(.dmadata*)
 *(.dmadata.*)
 *(.DMADATA*)
 .DMADATA       0x0000000020020000     0x3200 ./build/CH56x_usb30_devbulk.o
                0x0000000020020000                endp0RTbuff
                0x0000000020020200                endp2RTbuff
                0x0000000020021200                endp1Rbuff
                0x0000000020022200                endp1Tbuff
                0x0000000020023200                . = ALIGN (0x10)
                0x0000000020023200                PROVIDE (_dmadata_end = .)

.stack          0x0000000020003800      0x800
                0x0000000020003800                . = ALIGN (0x4)
                [!provide]                        PROVIDE (_susrstack = .)
                0x0000000020004000                . = (. + __stack_size)
 *fill*         0x0000000020003800      0x800 
                0x0000000020004000                PROVIDE (_eusrstack = .)
OUTPUT(./build/hydradancer.elf elf32-littleriscv)

.comment        0x0000000000000000       0x33
 .comment       0x0000000000000000       0x33 ./build/CH56x_bsp.o
                                         0x34 (size before relaxing)
 .comment       0x0000000000000033       0x34 ./build/CH56x_timer.o
 .comment       0x0000000000000033       0x34 ./build/CH56x_usb20_devbulk.o
 .comment       0x0000000000000033       0x34 ./build/CH56x_usb30_devbulk.o
 .comment       0x0000000000000033       0x34 ./build/CH56x_usb_devbulk_desc_cmd.o
 .comment       0x0000000000000033       0x34 ./build/main.o

.debug_frame    0x0000000000000000       0x20
 .debug_frame   0x0000000000000000       0x20 /home/ju/RISC-V-Embedded-GCC/bin/../lib/gcc/riscv-none-embed/8.2.0/../../../../riscv-none-embed/lib/rv32imac/ilp32/libc_nano.a(lib_a-memcpy.o)
